******************************************************************************
                  TI ARM Linker PC v16.9.3                     
******************************************************************************
>> Linked Tue Aug 01 23:52:09 2017

OUTPUT FILE NAME:   <FW_GDNC.out>
ENTRY POINT SYMBOL: "_c_int00"  address: 00002bc9


MEMORY CONFIGURATION

         name            origin    length      used     unused   attr    fill
----------------------  --------  ---------  --------  --------  ----  --------
  FLASH                 00000000   00040000  00003f40  0003c0c0  R  X
  SRAM                  20000000   00008000  00007caa  00000356  RW X


SEGMENT ALLOCATION MAP

run origin  load origin   length   init length attrs members
----------  ----------- ---------- ----------- ----- -------
00000000    00000000    00003f40   00003f40    r-x
  00000000    00000000    0000026c   0000026c    r-- .intvecs
  0000026c    0000026c    000037d0   000037d0    r-x .text
  00003a3c    00003a3c    000004a4   000004a4    r-- .const
  00003ee0    00003ee0    00000060   00000060    r-- .cinit
20000000    20000000    00007cac   00000000    rw-
  20000000    20000000    0000026c   00000000    rw- .vtable
  2000026c    2000026c    000077a2   00000000    rw- .bss
  20007a10    20007a10    00000200   00000000    rw- .stack
  20007c10    20007c10    0000009c   00000000    rw- .data


SECTION ALLOCATION MAP

 output                                  attributes/
section   page    origin      length       input sections
--------  ----  ----------  ----------   ----------------
.intvecs   0    00000000    0000026c     
                  00000000    0000026c     startup_ccs.obj (.intvecs)

.text      0    0000026c    000037d0     
                  0000026c    000003f8     Protocolo.obj (.text:MACTask)
                  00000664    000001ea     uartstdio.obj (.text:UARTvprintf)
                  0000084e    00000002     startup_ccs.obj (.text:FaultISR)
                  00000850    000001ac     Protocolo.obj (.text:Protocolo_rxRecvPacket)
                  000009fc    000001a4     random.obj (.text:RandomSeed)
                  00000ba0    0000018c     CC1100.obj (.text:CC1100_RfConfig)
                  00000d2c    00000140     App.obj (.text:AppTask)
                  00000e6c    00000132     driverlib.lib : gpio.obj (.text:GPIOPadConfigSet)
                  00000f9e    00000002     startup_ccs.obj (.text:IntDefaultHandler)
                  00000fa0    00000118     queue.obj (.text:xQueueGenericReceive)
                  000010b8    00000110     driverlib.lib : sysctl.obj (.text:SysCtlClockGet)
                  000011c8    00000104     rgb.obj (.text:RGBInit)
                  000012cc    00000104     tasks.obj (.text:xTaskGenericCreate)
                  000013d0    00000104     tasks.obj (.text:xTaskIncrementTick)
                  000014d4    000000f4     driverlib.lib : sysctl.obj (.text:SysCtlClockSet)
                  000015c8    000000e8     queue.obj (.text:xQueueGenericSend)
                  000016b0    000000e4     tasks.obj (.text:xTaskResumeAll)
                  00001794    000000d2     portasm.obj (.text)
                  00001866    00000002     startup_ccs.obj (.text:NmiSR)
                  00001868    000000c8     tasks.obj (.text:xTaskNotifyWait)
                  00001930    000000c4     tasks.obj (.text:xTaskGenericNotifyFromISR)
                  000019f4    000000c0     rgb.obj (.text:RGBEnable)
                  00001ab4    000000b0     Protocolo.obj (.text:Send)
                  00001b64    000000b0     tasks.obj (.text:xTaskGenericNotify)
                  00001c14    000000ac     heap_2.obj (.text:pvPortMalloc)
                  00001cc0    000000a4     Protocolo.obj (.text:SaidaRede)
                  00001d64    0000009c     rtsv7M4_T_le_v4SPD16_eabi.lib : memcpy_t2.obj (.text)
                  00001e00    00000094     CC1100.obj (.text:CC1100_RfResetChip)
                  00001e94    00000094     tivac.obj (.text:InitTimer4_TimeSlice)
                  00001f28    00000094     tasks.obj (.text:vTaskPriorityInherit)
                  00001fbc    00000090     rgb.obj (.text:RGBColorSet)
                  0000204c    0000008c     tasks.obj (.text:vTaskSwitchContext)
                  000020d8    00000084     Protocolo.obj (.text:MACTaskInit)
                  0000215c    00000084     Protocolo.obj (.text:txSendPacket)
                  000021e0    00000084     queue.obj (.text:xQueueGenericReset)
                  00002264    0000007c     tasks.obj (.text:xTaskPriorityDisinherit)
                  000022e0    0000007a     rtsv7M4_T_le_v4SPD16_eabi.lib : memset_t2.obj (.text)
                  0000235a    00000002                                   : i_div0.obj (.text)
                  0000235c    00000078     Protocolo.obj (.text:SetRxMode)
                  000023d4    00000074     SPI.obj (.text:SPI3_Init)
                  00002448    00000074     tasks.obj (.text:xTaskRemoveFromEventList)
                  000024bc    00000072     queue.obj (.text:prvCopyDataToQueue)
                  0000252e    00000002     rtsv7M4_T_le_v4SPD16_eabi.lib : mpu_init.obj (.text)
                  00002530    00000070     Protocolo.obj (.text:Trigger)
                  000025a0    00000070     rtsv7M4_T_le_v4SPD16_eabi.lib : autoinit.obj (.text)
                  00002610    0000006c     Protocolo.obj (.text:EnviaBeacon)
                  0000267c    0000006c     SPI.obj (.text:SPI3_Read)
                  000026e8    00000068     driverlib.lib : interrupt.obj (.text:IntEnable)
                  00002750    00000068     SPI.obj (.text:SPI3_Write)
                  000027b8    00000068     rtsv7M4_T_le_v4SPD16_eabi.lib : copy_decompress_lzss.obj (.text:decompress:lzss)
                  00002820    00000064     tasks.obj (.text:vTaskPlaceOnEventList)
                  00002884    00000062     queue.obj (.text:prvUnlockQueue)
                  000028e6    00000002     rtsv7M4_T_le_v4SPD16_eabi.lib : startup.obj (.text)
                  000028e8    00000060     driverlib.lib : timer.obj (.text:TimerConfigure)
                  00002948    00000060     uartstdio.obj (.text:UARTStdioConfig)
                  000029a8    00000060     tasks.obj (.text:prvInitialiseTaskLists)
                  00002a08    00000060     tasks.obj (.text:vTaskStartScheduler)
                  00002a68    0000005c     tasks.obj (.text:vTaskDelay)
                  00002ac4    00000058     tasks.obj (.text:prvCheckTasksWaitingTermination)
                  00002b1c    00000056     driverlib.lib : gpio.obj (.text:GPIOIntTypeSet)
                  00002b72    00000054     tasks.obj (.text:prvInitialiseTCBVariables)
                  00002bc6    00000002     freertos_demo.obj (.text:vApplicationStackOverflowHook)
                  00002bc8    00000054     rtsv7M4_T_le_v4SPD16_eabi.lib : boot.obj (.text)
                  00002c1c    00000054                                   : exit.obj (.text)
                  00002c70    00000054     tasks.obj (.text:xTaskCheckForTimeOut)
                  00002cc4    00000050     tivac.obj (.text:ConfigureUART)
                  00002d14    00000050     Protocolo.obj (.text:SetModo)
                  00002d64    00000050     Protocolo.obj (.text:TimerTimeSliceIntHandler)
                  00002db4    0000004c     CC1100.obj (.text:CC1100_txPacketSent)
                  00002e00    0000004c     Protocolo.obj (.text:CriaRede)
                  00002e4c    0000004c     Protocolo.obj (.text:LigaRadio)
                  00002e98    0000004c     driverlib.lib : timer.obj (.text:_TimerIntNumberGet)
                  00002ee4    0000004c     tasks.obj (.text:prvAddCurrentTaskToDelayedList)
                  00002f30    0000004c     rtsv7M4_T_le_v4SPD16_eabi.lib : cpy_tbl.obj (.text)
                  00002f7c    00000048     CC1100.obj (.text:CC1100_rxInit)
                  00002fc4    00000048     driverlib.lib : gpio.obj (.text:GPIOPinConfigure)
                  0000300c    00000048     tivac.obj (.text:Init_GPIOInt)
                  00003054    00000048     uartstdio.obj (.text:UARTwrite)
                  0000309c    00000044     Protocolo.obj (.text:ResetaRede)
                  000030e0    00000044     heap_2.obj (.text:vPortFree)
                  00003124    00000040     Protocolo.obj (.text:IntGPIOb)
                  00003164    00000040     SPI.obj (.text:SPI3_Strobe)
                  000031a4    00000040     driverlib.lib : gpio.obj (.text:_GPIOIntNumberGet)
                  000031e4    00000040     rtsv7M4_T_le_v4SPD16_eabi.lib : u_divt2.obj (.text)
                  00003224    00000040     port.obj (.text:xPortStartScheduler)
                  00003264    0000003c     driverlib.lib : ssi.obj (.text:SSIConfigSetExpClk)
                  000032a0    0000003c     queue.obj (.text:xQueueGenericCreate)
                  000032dc    0000003a     tasks.obj (.text:prvAllocateTCBAndStack)
                  00003316    00000002     --HOLE-- [fill = 0]
                  00003318    00000038     App.obj (.text:AppTaskInit)
                  00003350    00000038     Protocolo.obj (.text:txFifoHalfFull)
                  00003388    00000038     list.obj (.text:vListInsert)
                  000033c0    00000036     CC1100.obj (.text:CC1100_GDOInit)
                  000033f6    00000002     --HOLE-- [fill = 0]
                  000033f8    00000034     CC1100.obj (.text:CC1100_txInit)
                  0000342c    00000034     driverlib.lib : interrupt.obj (.text:IntRegister)
                  00003460    00000034                   : sysctl.obj (.text:SysCtlPeripheralEnable)
                  00003494    00000034     Protocolo.obj (.text:rxFifoHalfFull)
                  000034c8    00000034     Protocolo.obj (.text:rxPacketRecvd)
                  000034fc    00000034     Protocolo.obj (.text:txPacketSent)
                  00003530    00000030     heap_2.obj (.text:prvHeapInit)
                  00003560    0000002c     port.obj (.text:xPortSysTickHandler)
                  0000358c    0000002a     driverlib.lib : gpio.obj (.text:GPIODirModeSet)
                  000035b6    00000002     --HOLE-- [fill = 0]
                  000035b8    00000028     freertos_demo.obj (.text:main)
                  000035e0    00000028     tasks.obj (.text:prvResetNextTaskUnblockTime)
                  00003608    00000028     port.obj (.text:pxPortInitialiseStack)
                  00003630    00000026     queue.obj (.text:prvCopyDataFromQueue)
                  00003656    00000002     --HOLE-- [fill = 0]
                  00003658    00000024     driverlib.lib : interrupt.obj (.text:IntPrioritySet)
                  0000367c    00000020     list.obj (.text:uxListRemove)
                  0000369c    0000001c     random.obj (.text:RandomAddEntropy)
                  000036b8    0000001c     uartstdio.obj (.text:UARTgetc)
                  000036d4    0000001c     queue.obj (.text:prvIsQueueFull)
                  000036f0    0000001c     port.obj (.text:vPortEnterCritical)
                  0000370c    0000001a     uartstdio.obj (.text:UARTprintf)
                  00003726    0000001a     queue.obj (.text:prvIsQueueEmpty)
                  00003740    00000018     driverlib.lib : gpio.obj (.text:GPIOIntRegister)
                  00003758    00000018                   : timer.obj (.text:TimerIntRegister)
                  00003770    00000018     tasks.obj (.text:pvTaskIncrementMutexHeldCount)
                  00003788    00000018     rtsv7M4_T_le_v4SPD16_eabi.lib : args_main.obj (.text)
                  000037a0    00000018     list.obj (.text:vListInsertEnd)
                  000037b8    00000018     port.obj (.text:vPortExitCritical)
                  000037d0    00000018     tasks.obj (.text:vTaskSetTimeOutState)
                  000037e8    00000016     list.obj (.text:vListInitialise)
                  000037fe    00000002     --HOLE-- [fill = 0]
                  00003800    00000014     rgb.obj (.text:RGBIntensitySet)
                  00003814    00000014     tivac.obj (.text:WaitUs)
                  00003828    00000014     rtsv7M4_T_le_v4SPD16_eabi.lib : _lock.obj (.text)
                  0000383c    00000014     port.obj (.text:vPortSetupTimerInterrupt)
                  00003850    00000012     CC1100.obj (.text:CC1100_RfReadFifo)
                  00003862    00000012     CC1100.obj (.text:CC1100_RfWriteFifo)
                  00003874    00000012     CC1100.obj (.text:CC1100_RfWriteReg)
                  00003886    00000012     driverlib.lib : gpio.obj (.text:GPIOPinTypeGPIOInput)
                  00003898    00000012                   : gpio.obj (.text:GPIOPinTypeSSI)
                  000038aa    00000012                   : gpio.obj (.text:GPIOPinTypeUART)
                  000038bc    00000012                   : ssi.obj (.text:SSIDataGetNonBlocking)
                  000038ce    00000012                   : timer.obj (.text:TimerLoadSet)
                  000038e0    00000012                   : timer.obj (.text:TimerPrescaleSet)
                  000038f2    00000012     tasks.obj (.text:prvDeleteTCB)
                  00003904    00000010     driverlib.lib : interrupt.obj (.text:IntMasterEnable)
                  00003914    00000010     port.obj (.text:prvTaskExitError)
                  00003924    00000010     tasks.obj (.text:vTaskSuspendAll)
                  00003934    0000000e     driverlib.lib : gpio.obj (.text:GPIOIntDisable)
                  00003942    0000000e                   : gpio.obj (.text:GPIOIntStatus)
                  00003950    0000000e                   : ssi.obj (.text:SSIDataPutNonBlocking)
                  0000395e    0000000e                   : timer.obj (.text:TimerEnable)
                  0000396c    0000000e     rtsv7M4_T_le_v4SPD16_eabi.lib : copy_decompress_none.obj (.text:decompress:none)
                  0000397a    00000002     --HOLE-- [fill = 0]
                  0000397c    0000000c     CC1100.obj (.text:CC1100_txFifoHalfFull)
                  00003988    0000000c     driverlib.lib : cpu.obj (.text:CPUcpsie)
                  00003994    0000000c                   : gpio.obj (.text:GPIOIntEnable)
                  000039a0    0000000c                   : systick.obj (.text:SysTickValueGet)
                  000039ac    0000000c     rtsv7M4_T_le_v4SPD16_eabi.lib : copy_zero_init.obj (.text:decompress:ZI)
                  000039b8    0000000c     CC1100.obj (.text:resetdataPending)
                  000039c4    0000000c     CC1100.obj (.text:resetpacketComplete)
                  000039d0    0000000c     tasks.obj (.text:vTaskMissedYield)
                  000039dc    0000000a     CC1100.obj (.text:CC1100_RfStrobe)
                  000039e6    0000000a     driverlib.lib : ssi.obj (.text:SSIDataPut)
                  000039f0    0000000a                   : ssi.obj (.text:SSIEnable)
                  000039fa    00000008                   : ssi.obj (.text:SSIBusy)
                  00003a02    00000008                   : timer.obj (.text:TimerIntEnable)
                  00003a0a    00000008     tasks.obj (.text:prvIdleTask)
                  00003a12    00000006     driverlib.lib : gpio.obj (.text:GPIOIntClear)
                  00003a18    00000006     startup_ccs.obj (.text:ResetISR)
                  00003a1e    00000006     driverlib.lib : sysctl.obj (.text:SysCtlDelay)
                  00003a24    00000006                   : uart.obj (.text:UARTClockSourceSet)
                  00003a2a    00000006     list.obj (.text:vListInitialiseItem)
                  00003a30    00000004     tivac.obj (.text:GetSeed)
                  00003a34    00000004     driverlib.lib : timer.obj (.text:TimerIntClear)
                  00003a38    00000004     rtsv7M4_T_le_v4SPD16_eabi.lib : pre_init.obj (.text)

.const     0    00003a3c    000004a4     
                  00003a3c    000000c0     driverlib.lib : gpio.obj (.const:g_ppui32GPIOIntMapBlizzard)
                  00003afc    000000c0                   : gpio.obj (.const:g_ppui32GPIOIntMapSnowflake)
                  00003bbc    0000009c                   : interrupt.obj (.const:g_pui32Regs)
                  00003c58    00000090                   : gpio.obj (.const:g_pui32GPIOBaseAddrs)
                  00003ce8    00000070                   : interrupt.obj (.const)
                  00003d58    0000006c                   : sysctl.obj (.const:g_pui32Xtals)
                  00003dc4    00000060                   : timer.obj (.const:g_ppui32TimerIntMap)
                  00003e24    00000040                   : timer.obj (.const:g_ppui32TimerIntMapSnowflake)
                  00003e64    0000003d     Protocolo.obj (.const:myRfConfig)
                  00003ea1    00000003     --HOLE-- [fill = 0]
                  00003ea4    00000020     Protocolo.obj (.const:PA_TABLE)
                  00003ec4    0000000c     uartstdio.obj (.const:g_ui32UARTBase)
                  00003ed0    0000000c     uartstdio.obj (.const:g_ui32UARTPeriph)
                  00003edc    00000004     port.obj (.const)

.cinit     0    00003ee0    00000060     
                  00003ee0    0000002c     (.cinit..data.load) [load image, compression = lzss]
                  00003f0c    0000000c     (__TI_handler_table)
                  00003f18    00000008     (.cinit..bss.load) [load image, compression = zero_init]
                  00003f20    00000008     (.cinit..vtable.load) [load image, compression = zero_init]
                  00003f28    00000018     (__TI_cinit_table)

.init_array 
*          0    00000000    00000000     UNINITIALIZED

.vtable    0    20000000    0000026c     UNINITIALIZED
                  20000000    0000026c     driverlib.lib : interrupt.obj (.vtable)

.bss       0    2000026c    000077a2     UNINITIALIZED
                  2000026c    00007530     heap_2.obj (.bss:ucHeap)
                  2000779c    00000140     tasks.obj (.bss:pxReadyTasksLists)
                  200078dc    00000048     (.common:xMsg)
                  20007924    00000040     random.obj (.bss:g_pui32RandomEntropy)
                  20007964    00000014     tasks.obj (.bss:xDelayedTaskList1)
                  20007978    00000014     tasks.obj (.bss:xDelayedTaskList2)
                  2000798c    00000014     tasks.obj (.bss:xPendingReadyList)
                  200079a0    00000014     tasks.obj (.bss:xSuspendedTaskList)
                  200079b4    00000014     tasks.obj (.bss:xTasksWaitingTermination)
                  200079c8    0000000c     Protocolo.obj (.bss)
                  200079d4    0000000c     rgb.obj (.bss:g_ui32Colors)
                  200079e0    00000008     tasks.obj (.bss)
                  200079e8    00000008     heap_2.obj (.bss:xEnd)
                  200079f0    00000008     heap_2.obj (.bss:xStart)
                  200079f8    00000004     (.common:ContMsg)
                  200079fc    00000004     (.common:Enderecos)
                  20007a00    00000004     (.common:RxQueue)
                  20007a04    00000004     (.common:TxQueue)
                  20007a08    00000004     (.common:xAppQueue)
                  20007a0c    00000002     CC1100.obj (.bss)

.stack     0    20007a10    00000200     UNINITIALIZED
                  20007a10    00000200     --HOLE--

.data      0    20007c10    0000009c     UNINITIALIZED
                  20007c10    00000030     tasks.obj (.data)
                  20007c40    00000016     Protocolo.obj (.data)
                  20007c56    00000002     --HOLE--
                  20007c58    0000000c     rtsv7M4_T_le_v4SPD16_eabi.lib : exit.obj (.data:$O1$$)
                  20007c64    0000000c     Protocolo.obj (.data:MinhaRede)
                  20007c70    0000000c     Protocolo.obj (.data:g_pui32Colors)
                  20007c7c    00000008     rtsv7M4_T_le_v4SPD16_eabi.lib : _lock.obj (.data:$O1$$)
                  20007c84    00000008     heap_2.obj (.data)
                  20007c8c    00000005     uartstdio.obj (.data)
                  20007c91    00000003     --HOLE--
                  20007c94    00000004     App.obj (.data)
                  20007c98    00000004     CC1100.obj (.data)
                  20007c9c    00000004     port.obj (.data)
                  20007ca0    00000004     random.obj (.data)
                  20007ca4    00000004     rgb.obj (.data)
                  20007ca8    00000004     rtsv7M4_T_le_v4SPD16_eabi.lib : stkdepth_vars.obj (.data)

MODULE SUMMARY

       Module                     code    ro data   rw data
       ------                     ----    -------   -------
    .\
       startup_ccs.obj            12      620       0      
       SPI.obj                    392     0         0      
       tivac.obj                  324     0         0      
       freertos_demo.obj          42      0         0      
    +--+--------------------------+-------+---------+---------+
       Total:                     770     620       0      
                                                           
    .\App\
       App.obj                    376     0         8      
    +--+--------------------------+-------+---------+---------+
       Total:                     376     0         8      
                                                           
    .\Modules\
       CC1100.obj                 898     0         6      
    +--+--------------------------+-------+---------+---------+
       Total:                     898     0         6      
                                                           
    .\Rede\
       Protocolo.obj              3044    93        146    
    +--+--------------------------+-------+---------+---------+
       Total:                     3044    93        146    
                                                           
    .\drivers\
       rgb.obj                    616     0         16     
    +--+--------------------------+-------+---------+---------+
       Total:                     616     0         16     
                                                           
    .\third_party\FreeRTOS\Source\
       tasks.obj                  2764    0         476    
       queue.obj                  1008    0         0      
       list.obj                   140     0         0      
    +--+--------------------------+-------+---------+---------+
       Total:                     3912    0         476    
                                                           
    .\third_party\FreeRTOS\Source\portable\CCS\ARM_CM4F\
       port.obj                   236     4         4      
       portasm.obj                210     0         0      
    +--+--------------------------+-------+---------+---------+
       Total:                     446     4         4      
                                                           
    .\third_party\FreeRTOS\Source\portable\MemMang\
       heap_2.obj                 288     0         30024  
    +--+--------------------------+-------+---------+---------+
       Total:                     288     0         30024  
                                                           
    .\utils\
       uartstdio.obj              712     24        5      
       random.obj                 448     0         68     
    +--+--------------------------+-------+---------+---------+
       Total:                     1160    24        73     
                                                           
    C:/ti/TivaWare_C_Series-2.1.3.156/driverlib/ccs/Debug/driverlib.lib
       gpio.obj                   694     528       0      
       interrupt.obj              208     268       620    
       sysctl.obj                 574     108       0      
       timer.obj                  258     160       0      
       ssi.obj                    120     0         0      
       cpu.obj                    12      0         0      
       systick.obj                12      0         0      
       uart.obj                   6       0         0      
    +--+--------------------------+-------+---------+---------+
       Total:                     1884    1064      620    
                                                           
    C:\ti\ccsv7\tools\compiler\ti-cgt-arm_16.9.3.LTS\lib\rtsv7M4_T_le_v4SPD16_eabi.lib
       memcpy_t2.obj              156     0         0      
       memset_t2.obj              122     0         0      
       autoinit.obj               112     0         0      
       copy_decompress_lzss.obj   104     0         0      
       exit.obj                   84      0         12     
       boot.obj                   84      0         0      
       cpy_tbl.obj                76      0         0      
       u_divt2.obj                64      0         0      
       _lock.obj                  20      0         8      
       args_main.obj              24      0         0      
       copy_decompress_none.obj   14      0         0      
       copy_zero_init.obj         12      0         0      
       pre_init.obj               4       0         0      
       stkdepth_vars.obj          0       0         4      
       i_div0.obj                 2       0         0      
       mpu_init.obj               2       0         0      
       startup.obj                2       0         0      
    +--+--------------------------+-------+---------+---------+
       Total:                     882     0         24     
                                                           
       Stack:                     0       0         512    
       Linker Generated:          0       96        0      
    +--+--------------------------+-------+---------+---------+
       Grand Total:               14276   1901      31909  


LINKER GENERATED COPY TABLES

__TI_cinit_table @ 00003f28 records: 3, size/record: 8, table size: 24
	.data: load addr=00003ee0, load size=0000002c bytes, run addr=20007c10, run size=0000009c bytes, compression=lzss
	.bss: load addr=00003f18, load size=00000008 bytes, run addr=2000026c, run size=000077a2 bytes, compression=zero_init
	.vtable: load addr=00003f20, load size=00000008 bytes, run addr=20000000, run size=0000026c bytes, compression=zero_init


LINKER GENERATED HANDLER TABLE

__TI_handler_table @ 00003f0c records: 3, size/record: 4, table size: 12
	index: 0, handler: __TI_zero_init
	index: 1, handler: __TI_decompress_lzss
	index: 2, handler: __TI_decompress_none


GLOBAL SYMBOLS: SORTED ALPHABETICALLY BY Name 

address   name                           
-------   ----                           
20007c94  AppTaskHandle                  
00003319  AppTaskInit                    
00002c1d  C$$EXIT                        
000033c1  CC1100_GDOInit                 
00000ba1  CC1100_RfConfig                
00001e01  CC1100_RfPowerOn               
00003851  CC1100_RfReadFifo              
00001e01  CC1100_RfResetChip             
000039dd  CC1100_RfStrobe                
00003863  CC1100_RfWriteFifo             
00003875  CC1100_RfWriteReg              
00002f7d  CC1100_rxInit                  
0000397d  CC1100_txFifoHalfFull          
000033f9  CC1100_txInit                  
00002db5  CC1100_txPacketSent            
00003989  CPUcpsie                       
00002cc5  ConfigureUART                  
200079f8  ContMsg                        
00002e01  CriaRede                       
200079fc  Enderecos                      
00002611  EnviaBeacon                    
0000358d  GPIODirModeSet                 
00003a13  GPIOIntClear                   
00003935  GPIOIntDisable                 
00003995  GPIOIntEnable                  
00003741  GPIOIntRegister                
00003943  GPIOIntStatus                  
00002b1d  GPIOIntTypeSet                 
00000e6d  GPIOPadConfigSet               
00002fc5  GPIOPinConfigure               
00003887  GPIOPinTypeGPIOInput           
00003899  GPIOPinTypeSSI                 
000038ab  GPIOPinTypeUART                
00003a31  GetSeed                        
00001e95  InitTimer4_TimeSlice           
0000300d  Init_GPIOInt                   
000026e9  IntEnable                      
00003125  IntGPIOb                       
00003905  IntMasterEnable                
00003659  IntPrioritySet                 
0000342d  IntRegister                    
00002e4d  LigaRadio                      
20007c40  MACTaskHandle                  
000020d9  MACTaskInit                    
00003ea4  PA_TABLE                       
00000851  Protocolo_rxRecvPacket         
00001fbd  RGBColorSet                    
000019f5  RGBEnable                      
000011c9  RGBInit                        
00003801  RGBIntensitySet                
0000369d  RandomAddEntropy               
000009fd  RandomSeed                     
00003a19  ResetISR                       
0000309d  ResetaRede                     
20007a00  RxQueue                        
UNDEFED   SHT$$INIT_ARRAY$$Base          
UNDEFED   SHT$$INIT_ARRAY$$Limit         
000023d5  SPI3_Init                      
0000267d  SPI3_Read                      
00003165  SPI3_Strobe                    
00002751  SPI3_Write                     
000039fb  SSIBusy                        
00003265  SSIConfigSetExpClk             
000038bd  SSIDataGetNonBlocking          
000039e7  SSIDataPut                     
00003951  SSIDataPutNonBlocking          
000039f1  SSIEnable                      
00001cc1  SaidaRede                      
00001ab5  Send                           
00002d15  SetModo                        
0000235d  SetRxMode                      
000010b9  SysCtlClockGet                 
000014d5  SysCtlClockSet                 
00003a1f  SysCtlDelay                    
00003461  SysCtlPeripheralEnable         
000039a1  SysTickValueGet                
20007c44  TRede_BEACON                   
20007c48  TRede_TRIGGER                  
000028e9  TimerConfigure                 
0000395f  TimerEnable                    
00003a35  TimerIntClear                  
00003a03  TimerIntEnable                 
00003759  TimerIntRegister               
000038cf  TimerLoadSet                   
000038e1  TimerPrescaleSet               
00002d65  TimerTimeSliceIntHandler       
00002531  Trigger                        
20007a04  TxQueue                        
00003a25  UARTClockSourceSet             
00002949  UARTStdioConfig                
000036b9  UARTgetc                       
0000370d  UARTprintf                     
00000665  UARTvprintf                    
00003055  UARTwrite                      
20007c4c  Value_TimerReset               
00003815  WaitUs                         
20007c10  __STACK_END                    
00000200  __STACK_SIZE                   
20007c10  __STACK_TOP                    
00003f28  __TI_CINIT_Base                
00003f40  __TI_CINIT_Limit               
00003f0c  __TI_Handler_Table_Base        
00003f18  __TI_Handler_Table_Limit       
000025a1  __TI_auto_init                 
20007c58  __TI_cleanup_ptr               
000027b9  __TI_decompress_lzss           
0000396d  __TI_decompress_none           
20007c5c  __TI_dtors_ptr                 
20007c60  __TI_enable_exit_profile_output
ffffffff  __TI_pprof_out_hndl            
ffffffff  __TI_prof_data_size            
ffffffff  __TI_prof_data_start           
00000000  __TI_static_base__             
000039ad  __TI_zero_init                 
0000235b  __aeabi_idiv0                  
000022e1  __aeabi_memclr                 
000022e1  __aeabi_memclr4                
000022e1  __aeabi_memclr8                
00001d65  __aeabi_memcpy                 
00001d65  __aeabi_memcpy4                
00001d65  __aeabi_memcpy8                
000022e3  __aeabi_memset                 
000022e3  __aeabi_memset4                
000022e3  __aeabi_memset8                
000031e5  __aeabi_uidiv                  
000031e5  __aeabi_uidivmod               
ffffffff  __binit__                      
ffffffff  __c_args__                     
0000252f  __mpu_init                     
20007a10  __stack                        
00003789  _args_main                     
00002bc9  _c_int00                       
20007c7c  _lock                          
00003837  _nop                           
0000382f  _register_lock                 
00003829  _register_unlock               
000028e7  _system_post_cinit             
00003a39  _system_pre_init               
20007c80  _unlock                        
00002c21  abort                          
ffffffff  binit                          
20007c55  bug                            
00002f31  copy_in                        
20007c54  estado                         
00002c29  exit                           
20000000  g_pfnRAMVectors                
00000000  g_pfnVectors                   
000035b9  main                           
20007ca8  main_func_sp                   
00001d65  memcpy                         
000022e9  memset                         
00003e64  myRfConfig                     
20007c9a  nBytesInFifo                   
20007c99  nPacketsPending                
00001c15  pvPortMalloc                   
00003771  pvTaskIncrementMutexHeldCount  
20007c10  pxCurrentTCB                   
00003609  pxPortInitialiseStack          
000039b9  resetdataPending               
000039c5  resetpacketComplete            
00003495  rxFifoHalfFull                 
000034c9  rxPacketRecvd                  
00003351  txFifoHalfFull                 
000034fd  txPacketSent                   
0000215d  txSendPacket                   
20007c98  txStrobeNeeded                 
00003edc  ulMaxSyscallInterruptPriority  
000017a5  ulPortGetIPSR                  
0000367d  uxListRemove                   
00002bc7  vApplicationStackOverflowHook  
000037e9  vListInitialise                
00003a2b  vListInitialiseItem            
00003389  vListInsert                    
000037a1  vListInsertEnd                 
00001859  vPortEnableVFP                 
000036f1  vPortEnterCritical             
000037b9  vPortExitCritical              
000030e1  vPortFree                      
0000181d  vPortSVCHandler                
0000383d  vPortSetupTimerInterrupt       
0000183d  vPortStartFirstTask            
00002a69  vTaskDelay                     
000039d1  vTaskMissedYield               
00002821  vTaskPlaceOnEventList          
00001f29  vTaskPriorityInherit           
000037d1  vTaskSetTimeOutState           
00002a09  vTaskStartScheduler            
00003925  vTaskSuspendAll                
0000204d  vTaskSwitchContext             
20007a08  xAppQueue                      
200078dc  xMsg                           
000017bd  xPortPendSVHandler             
00003225  xPortStartScheduler            
00003561  xPortSysTickHandler            
000032a1  xQueueGenericCreate            
00000fa1  xQueueGenericReceive           
000021e1  xQueueGenericReset             
000015c9  xQueueGenericSend              
00002c71  xTaskCheckForTimeOut           
000012cd  xTaskGenericCreate             
00001b65  xTaskGenericNotify             
00001931  xTaskGenericNotifyFromISR      
000013d1  xTaskIncrementTick             
00001869  xTaskNotifyWait                
00002265  xTaskPriorityDisinherit        
00002449  xTaskRemoveFromEventList       
000016b1  xTaskResumeAll                 


GLOBAL SYMBOLS: SORTED BY Symbol Address 

address   name                           
-------   ----                           
00000000  __TI_static_base__             
00000000  g_pfnVectors                   
00000200  __STACK_SIZE                   
00000665  UARTvprintf                    
00000851  Protocolo_rxRecvPacket         
000009fd  RandomSeed                     
00000ba1  CC1100_RfConfig                
00000e6d  GPIOPadConfigSet               
00000fa1  xQueueGenericReceive           
000010b9  SysCtlClockGet                 
000011c9  RGBInit                        
000012cd  xTaskGenericCreate             
000013d1  xTaskIncrementTick             
000014d5  SysCtlClockSet                 
000015c9  xQueueGenericSend              
000016b1  xTaskResumeAll                 
000017a5  ulPortGetIPSR                  
000017bd  xPortPendSVHandler             
0000181d  vPortSVCHandler                
0000183d  vPortStartFirstTask            
00001859  vPortEnableVFP                 
00001869  xTaskNotifyWait                
00001931  xTaskGenericNotifyFromISR      
000019f5  RGBEnable                      
00001ab5  Send                           
00001b65  xTaskGenericNotify             
00001c15  pvPortMalloc                   
00001cc1  SaidaRede                      
00001d65  __aeabi_memcpy                 
00001d65  __aeabi_memcpy4                
00001d65  __aeabi_memcpy8                
00001d65  memcpy                         
00001e01  CC1100_RfPowerOn               
00001e01  CC1100_RfResetChip             
00001e95  InitTimer4_TimeSlice           
00001f29  vTaskPriorityInherit           
00001fbd  RGBColorSet                    
0000204d  vTaskSwitchContext             
000020d9  MACTaskInit                    
0000215d  txSendPacket                   
000021e1  xQueueGenericReset             
00002265  xTaskPriorityDisinherit        
000022e1  __aeabi_memclr                 
000022e1  __aeabi_memclr4                
000022e1  __aeabi_memclr8                
000022e3  __aeabi_memset                 
000022e3  __aeabi_memset4                
000022e3  __aeabi_memset8                
000022e9  memset                         
0000235b  __aeabi_idiv0                  
0000235d  SetRxMode                      
000023d5  SPI3_Init                      
00002449  xTaskRemoveFromEventList       
0000252f  __mpu_init                     
00002531  Trigger                        
000025a1  __TI_auto_init                 
00002611  EnviaBeacon                    
0000267d  SPI3_Read                      
000026e9  IntEnable                      
00002751  SPI3_Write                     
000027b9  __TI_decompress_lzss           
00002821  vTaskPlaceOnEventList          
000028e7  _system_post_cinit             
000028e9  TimerConfigure                 
00002949  UARTStdioConfig                
00002a09  vTaskStartScheduler            
00002a69  vTaskDelay                     
00002b1d  GPIOIntTypeSet                 
00002bc7  vApplicationStackOverflowHook  
00002bc9  _c_int00                       
00002c1d  C$$EXIT                        
00002c21  abort                          
00002c29  exit                           
00002c71  xTaskCheckForTimeOut           
00002cc5  ConfigureUART                  
00002d15  SetModo                        
00002d65  TimerTimeSliceIntHandler       
00002db5  CC1100_txPacketSent            
00002e01  CriaRede                       
00002e4d  LigaRadio                      
00002f31  copy_in                        
00002f7d  CC1100_rxInit                  
00002fc5  GPIOPinConfigure               
0000300d  Init_GPIOInt                   
00003055  UARTwrite                      
0000309d  ResetaRede                     
000030e1  vPortFree                      
00003125  IntGPIOb                       
00003165  SPI3_Strobe                    
000031e5  __aeabi_uidiv                  
000031e5  __aeabi_uidivmod               
00003225  xPortStartScheduler            
00003265  SSIConfigSetExpClk             
000032a1  xQueueGenericCreate            
00003319  AppTaskInit                    
00003351  txFifoHalfFull                 
00003389  vListInsert                    
000033c1  CC1100_GDOInit                 
000033f9  CC1100_txInit                  
0000342d  IntRegister                    
00003461  SysCtlPeripheralEnable         
00003495  rxFifoHalfFull                 
000034c9  rxPacketRecvd                  
000034fd  txPacketSent                   
00003561  xPortSysTickHandler            
0000358d  GPIODirModeSet                 
000035b9  main                           
00003609  pxPortInitialiseStack          
00003659  IntPrioritySet                 
0000367d  uxListRemove                   
0000369d  RandomAddEntropy               
000036b9  UARTgetc                       
000036f1  vPortEnterCritical             
0000370d  UARTprintf                     
00003741  GPIOIntRegister                
00003759  TimerIntRegister               
00003771  pvTaskIncrementMutexHeldCount  
00003789  _args_main                     
000037a1  vListInsertEnd                 
000037b9  vPortExitCritical              
000037d1  vTaskSetTimeOutState           
000037e9  vListInitialise                
00003801  RGBIntensitySet                
00003815  WaitUs                         
00003829  _register_unlock               
0000382f  _register_lock                 
00003837  _nop                           
0000383d  vPortSetupTimerInterrupt       
00003851  CC1100_RfReadFifo              
00003863  CC1100_RfWriteFifo             
00003875  CC1100_RfWriteReg              
00003887  GPIOPinTypeGPIOInput           
00003899  GPIOPinTypeSSI                 
000038ab  GPIOPinTypeUART                
000038bd  SSIDataGetNonBlocking          
000038cf  TimerLoadSet                   
000038e1  TimerPrescaleSet               
00003905  IntMasterEnable                
00003925  vTaskSuspendAll                
00003935  GPIOIntDisable                 
00003943  GPIOIntStatus                  
00003951  SSIDataPutNonBlocking          
0000395f  TimerEnable                    
0000396d  __TI_decompress_none           
0000397d  CC1100_txFifoHalfFull          
00003989  CPUcpsie                       
00003995  GPIOIntEnable                  
000039a1  SysTickValueGet                
000039ad  __TI_zero_init                 
000039b9  resetdataPending               
000039c5  resetpacketComplete            
000039d1  vTaskMissedYield               
000039dd  CC1100_RfStrobe                
000039e7  SSIDataPut                     
000039f1  SSIEnable                      
000039fb  SSIBusy                        
00003a03  TimerIntEnable                 
00003a13  GPIOIntClear                   
00003a19  ResetISR                       
00003a1f  SysCtlDelay                    
00003a25  UARTClockSourceSet             
00003a2b  vListInitialiseItem            
00003a31  GetSeed                        
00003a35  TimerIntClear                  
00003a39  _system_pre_init               
00003e64  myRfConfig                     
00003ea4  PA_TABLE                       
00003edc  ulMaxSyscallInterruptPriority  
00003f0c  __TI_Handler_Table_Base        
00003f18  __TI_Handler_Table_Limit       
00003f28  __TI_CINIT_Base                
00003f40  __TI_CINIT_Limit               
20000000  g_pfnRAMVectors                
200078dc  xMsg                           
200079f8  ContMsg                        
200079fc  Enderecos                      
20007a00  RxQueue                        
20007a04  TxQueue                        
20007a08  xAppQueue                      
20007a10  __stack                        
20007c10  __STACK_END                    
20007c10  __STACK_TOP                    
20007c10  pxCurrentTCB                   
20007c40  MACTaskHandle                  
20007c44  TRede_BEACON                   
20007c48  TRede_TRIGGER                  
20007c4c  Value_TimerReset               
20007c54  estado                         
20007c55  bug                            
20007c58  __TI_cleanup_ptr               
20007c5c  __TI_dtors_ptr                 
20007c60  __TI_enable_exit_profile_output
20007c7c  _lock                          
20007c80  _unlock                        
20007c94  AppTaskHandle                  
20007c98  txStrobeNeeded                 
20007c99  nPacketsPending                
20007c9a  nBytesInFifo                   
20007ca8  main_func_sp                   
ffffffff  __TI_pprof_out_hndl            
ffffffff  __TI_prof_data_size            
ffffffff  __TI_prof_data_start           
ffffffff  __binit__                      
ffffffff  __c_args__                     
ffffffff  binit                          
UNDEFED   SHT$$INIT_ARRAY$$Base          
UNDEFED   SHT$$INIT_ARRAY$$Limit         

[207 symbols]
