<?xml version="1.0"?>
<link_info>
   <banner>TI ARM Linker PC v5.2.6</banner>
   <copyright>Copyright (c) 1996-2015 Texas Instruments Incorporated</copyright>
   <link_time>0x57e36964</link_time>
   <link_errors>0x0</link_errors>
   <output_file>freertos_demo.out</output_file>
   <entry_point>
      <name>_c_int00</name>
      <address>0x3fb1</address>
   </entry_point>
   <input_file_list>
      <input_file id="fl-2">
         <path>.\</path>
         <kind>object</kind>
         <file>SPI.obj</file>
         <name>SPI.obj</name>
      </input_file>
      <input_file id="fl-3">
         <path>.\</path>
         <kind>object</kind>
         <file>freertos_demo.obj</file>
         <name>freertos_demo.obj</name>
      </input_file>
      <input_file id="fl-4">
         <path>.\</path>
         <kind>object</kind>
         <file>startup_ccs.obj</file>
         <name>startup_ccs.obj</name>
      </input_file>
      <input_file id="fl-5">
         <path>.\</path>
         <kind>object</kind>
         <file>tivac.obj</file>
         <name>tivac.obj</name>
      </input_file>
      <input_file id="fl-6">
         <path>.\utils\</path>
         <kind>object</kind>
         <file>random.obj</file>
         <name>random.obj</name>
      </input_file>
      <input_file id="fl-7">
         <path>.\utils\</path>
         <kind>object</kind>
         <file>uartstdio.obj</file>
         <name>uartstdio.obj</name>
      </input_file>
      <input_file id="fl-8">
         <path>.\utils\</path>
         <kind>object</kind>
         <file>ustdlib.obj</file>
         <name>ustdlib.obj</name>
      </input_file>
      <input_file id="fl-9">
         <path>.\third_party\FreeRTOS\Source\</path>
         <kind>object</kind>
         <file>list.obj</file>
         <name>list.obj</name>
      </input_file>
      <input_file id="fl-a">
         <path>.\third_party\FreeRTOS\Source\</path>
         <kind>object</kind>
         <file>queue.obj</file>
         <name>queue.obj</name>
      </input_file>
      <input_file id="fl-b">
         <path>.\third_party\FreeRTOS\Source\</path>
         <kind>object</kind>
         <file>tasks.obj</file>
         <name>tasks.obj</name>
      </input_file>
      <input_file id="fl-c">
         <path>.\third_party\FreeRTOS\Source\portable\MemMang\</path>
         <kind>object</kind>
         <file>heap_2.obj</file>
         <name>heap_2.obj</name>
      </input_file>
      <input_file id="fl-d">
         <path>.\third_party\FreeRTOS\Source\portable\CCS\ARM_CM4F\</path>
         <kind>object</kind>
         <file>port.obj</file>
         <name>port.obj</name>
      </input_file>
      <input_file id="fl-e">
         <path>.\third_party\FreeRTOS\Source\portable\CCS\ARM_CM4F\</path>
         <kind>object</kind>
         <file>portasm.obj</file>
         <name>portasm.obj</name>
      </input_file>
      <input_file id="fl-f">
         <path>.\drivers\</path>
         <kind>object</kind>
         <file>buttons.obj</file>
         <name>buttons.obj</name>
      </input_file>
      <input_file id="fl-10">
         <path>.\drivers\</path>
         <kind>object</kind>
         <file>rgb.obj</file>
         <name>rgb.obj</name>
      </input_file>
      <input_file id="fl-11">
         <path>.\Rede\</path>
         <kind>object</kind>
         <file>Protocolo.obj</file>
         <name>Protocolo.obj</name>
      </input_file>
      <input_file id="fl-12">
         <path>.\Modules\</path>
         <kind>object</kind>
         <file>CC1100.obj</file>
         <name>CC1100.obj</name>
      </input_file>
      <input_file id="fl-13">
         <path>.\Modules\</path>
         <kind>object</kind>
         <file>CC2500.obj</file>
         <name>CC2500.obj</name>
      </input_file>
      <input_file id="fl-14">
         <path>.\App\</path>
         <kind>object</kind>
         <file>App.obj</file>
         <name>App.obj</name>
      </input_file>
      <input_file id="fl-13b">
         <path>C:\ti\ccsv6\tools\compiler\ti-cgt-arm_5.2.6\lib\</path>
         <kind>archive</kind>
         <file>rtsv7M4_T_le_v4SPD16_eabi.lib</file>
         <name>boot.obj</name>
      </input_file>
      <input_file id="fl-13c">
         <path>C:\ti\ccsv6\tools\compiler\ti-cgt-arm_5.2.6\lib\</path>
         <kind>archive</kind>
         <file>rtsv7M4_T_le_v4SPD16_eabi.lib</file>
         <name>copy_decompress_none.obj</name>
      </input_file>
      <input_file id="fl-13d">
         <path>C:\ti\ccsv6\tools\compiler\ti-cgt-arm_5.2.6\lib\</path>
         <kind>archive</kind>
         <file>rtsv7M4_T_le_v4SPD16_eabi.lib</file>
         <name>copy_decompress_rle.obj</name>
      </input_file>
      <input_file id="fl-13e">
         <path>C:\ti\ccsv6\tools\compiler\ti-cgt-arm_5.2.6\lib\</path>
         <kind>archive</kind>
         <file>rtsv7M4_T_le_v4SPD16_eabi.lib</file>
         <name>copy_zero_init.obj</name>
      </input_file>
      <input_file id="fl-13f">
         <path>C:\ti\ccsv6\tools\compiler\ti-cgt-arm_5.2.6\lib\</path>
         <kind>archive</kind>
         <file>rtsv7M4_T_le_v4SPD16_eabi.lib</file>
         <name>exit.obj</name>
      </input_file>
      <input_file id="fl-140">
         <path>C:\ti\ccsv6\tools\compiler\ti-cgt-arm_5.2.6\lib\</path>
         <kind>archive</kind>
         <file>rtsv7M4_T_le_v4SPD16_eabi.lib</file>
         <name>fs_toull_t2.obj</name>
      </input_file>
      <input_file id="fl-141">
         <path>C:\ti\ccsv6\tools\compiler\ti-cgt-arm_5.2.6\lib\</path>
         <kind>archive</kind>
         <file>rtsv7M4_T_le_v4SPD16_eabi.lib</file>
         <name>memcpy_t2.obj</name>
      </input_file>
      <input_file id="fl-142">
         <path>C:\ti\ccsv6\tools\compiler\ti-cgt-arm_5.2.6\lib\</path>
         <kind>archive</kind>
         <file>rtsv7M4_T_le_v4SPD16_eabi.lib</file>
         <name>memset_t2.obj</name>
      </input_file>
      <input_file id="fl-143">
         <path>C:\ti\ccsv6\tools\compiler\ti-cgt-arm_5.2.6\lib\</path>
         <kind>archive</kind>
         <file>rtsv7M4_T_le_v4SPD16_eabi.lib</file>
         <name>pre_init.obj</name>
      </input_file>
      <input_file id="fl-144">
         <path>C:\ti\ccsv6\tools\compiler\ti-cgt-arm_5.2.6\lib\</path>
         <kind>archive</kind>
         <file>rtsv7M4_T_le_v4SPD16_eabi.lib</file>
         <name>stkdepth_vars.obj</name>
      </input_file>
      <input_file id="fl-145">
         <path>C:\ti\ccsv6\tools\compiler\ti-cgt-arm_5.2.6\lib\</path>
         <kind>archive</kind>
         <file>rtsv7M4_T_le_v4SPD16_eabi.lib</file>
         <name>u_divt2.obj</name>
      </input_file>
      <input_file id="fl-146">
         <path>C:\ti\ccsv6\tools\compiler\ti-cgt-arm_5.2.6\lib\</path>
         <kind>archive</kind>
         <file>rtsv7M4_T_le_v4SPD16_eabi.lib</file>
         <name>_lock.obj</name>
      </input_file>
      <input_file id="fl-147">
         <path>C:\ti\ccsv6\tools\compiler\ti-cgt-arm_5.2.6\lib\</path>
         <kind>archive</kind>
         <file>rtsv7M4_T_le_v4SPD16_eabi.lib</file>
         <name>args_main.obj</name>
      </input_file>
      <input_file id="fl-148">
         <path>C:\ti\ccsv6\tools\compiler\ti-cgt-arm_5.2.6\lib\</path>
         <kind>archive</kind>
         <file>rtsv7M4_T_le_v4SPD16_eabi.lib</file>
         <name>autoinit.obj</name>
      </input_file>
      <input_file id="fl-149">
         <path>C:\ti\ccsv6\tools\compiler\ti-cgt-arm_5.2.6\lib\</path>
         <kind>archive</kind>
         <file>rtsv7M4_T_le_v4SPD16_eabi.lib</file>
         <name>cpy_tbl.obj</name>
      </input_file>
      <input_file id="fl-14a">
         <path>C:\ti\ccsv6\tools\compiler\ti-cgt-arm_5.2.6\lib\</path>
         <kind>archive</kind>
         <file>rtsv7M4_T_le_v4SPD16_eabi.lib</file>
         <name>i_div0.obj</name>
      </input_file>
      <input_file id="fl-14b">
         <path>c:\ti\TivaWare_C_Series-2.1.2.111\examples\boards\ek-tm4c123gxl\freertos_demo\ccs\..\..\..\..\..\driverlib\ccs\Debug\</path>
         <kind>archive</kind>
         <file>driverlib.lib</file>
         <name>gpio.obj</name>
      </input_file>
      <input_file id="fl-14c">
         <path>c:\ti\TivaWare_C_Series-2.1.2.111\examples\boards\ek-tm4c123gxl\freertos_demo\ccs\..\..\..\..\..\driverlib\ccs\Debug\</path>
         <kind>archive</kind>
         <file>driverlib.lib</file>
         <name>interrupt.obj</name>
      </input_file>
      <input_file id="fl-14d">
         <path>c:\ti\TivaWare_C_Series-2.1.2.111\examples\boards\ek-tm4c123gxl\freertos_demo\ccs\..\..\..\..\..\driverlib\ccs\Debug\</path>
         <kind>archive</kind>
         <file>driverlib.lib</file>
         <name>ssi.obj</name>
      </input_file>
      <input_file id="fl-14e">
         <path>c:\ti\TivaWare_C_Series-2.1.2.111\examples\boards\ek-tm4c123gxl\freertos_demo\ccs\..\..\..\..\..\driverlib\ccs\Debug\</path>
         <kind>archive</kind>
         <file>driverlib.lib</file>
         <name>sysctl.obj</name>
      </input_file>
      <input_file id="fl-14f">
         <path>c:\ti\TivaWare_C_Series-2.1.2.111\examples\boards\ek-tm4c123gxl\freertos_demo\ccs\..\..\..\..\..\driverlib\ccs\Debug\</path>
         <kind>archive</kind>
         <file>driverlib.lib</file>
         <name>systick.obj</name>
      </input_file>
      <input_file id="fl-150">
         <path>c:\ti\TivaWare_C_Series-2.1.2.111\examples\boards\ek-tm4c123gxl\freertos_demo\ccs\..\..\..\..\..\driverlib\ccs\Debug\</path>
         <kind>archive</kind>
         <file>driverlib.lib</file>
         <name>timer.obj</name>
      </input_file>
      <input_file id="fl-151">
         <path>c:\ti\TivaWare_C_Series-2.1.2.111\examples\boards\ek-tm4c123gxl\freertos_demo\ccs\..\..\..\..\..\driverlib\ccs\Debug\</path>
         <kind>archive</kind>
         <file>driverlib.lib</file>
         <name>uart.obj</name>
      </input_file>
      <input_file id="fl-152">
         <path>c:\ti\TivaWare_C_Series-2.1.2.111\examples\boards\ek-tm4c123gxl\freertos_demo\ccs\..\..\..\..\..\driverlib\ccs\Debug\</path>
         <kind>archive</kind>
         <file>driverlib.lib</file>
         <name>cpu.obj</name>
      </input_file>
   </input_file_list>
   <object_component_list>
      <object_component id="oc-f">
         <name>.intvecs</name>
         <load_address>0x0</load_address>
         <run_address>0x0</run_address>
         <size>0x26c</size>
         <input_file_ref idref="fl-4"/>
      </object_component>
      <object_component id="oc-1e3">
         <name>.text:MACTask</name>
         <load_address>0x26c</load_address>
         <run_address>0x26c</run_address>
         <size>0x6a0</size>
         <input_file_ref idref="fl-11"/>
      </object_component>
      <object_component id="oc-2d8">
         <name>.text:Protocolo_rxRecvPacket</name>
         <load_address>0x90c</load_address>
         <run_address>0x90c</run_address>
         <size>0x338</size>
         <input_file_ref idref="fl-11"/>
      </object_component>
      <object_component id="oc-33e">
         <name>.text:UARTvprintf</name>
         <load_address>0xc44</load_address>
         <run_address>0xc44</run_address>
         <size>0x30c</size>
         <input_file_ref idref="fl-7"/>
      </object_component>
      <object_component id="oc-3bc">
         <name>.text:RandomSeed</name>
         <load_address>0xf50</load_address>
         <run_address>0xf50</run_address>
         <size>0x2c4</size>
         <input_file_ref idref="fl-6"/>
      </object_component>
      <object_component id="oc-1b7">
         <name>.text:AppTask</name>
         <load_address>0x1214</load_address>
         <run_address>0x1214</run_address>
         <size>0x210</size>
         <input_file_ref idref="fl-14"/>
      </object_component>
      <object_component id="oc-45c">
         <name>.text:CC1100_RfConfig</name>
         <load_address>0x1424</load_address>
         <run_address>0x1424</run_address>
         <size>0x1e8</size>
         <input_file_ref idref="fl-12"/>
      </object_component>
      <object_component id="oc-25d">
         <name>.text:xQueueGenericReceive</name>
         <load_address>0x160c</load_address>
         <run_address>0x160c</run_address>
         <size>0x174</size>
         <input_file_ref idref="fl-a"/>
      </object_component>
      <object_component id="oc-1be">
         <name>.text:RGBInit</name>
         <load_address>0x1780</load_address>
         <run_address>0x1780</run_address>
         <size>0x140</size>
         <input_file_ref idref="fl-10"/>
      </object_component>
      <object_component id="oc-1ae">
         <name>.text:xTaskGenericCreate</name>
         <load_address>0x18c0</load_address>
         <run_address>0x18c0</run_address>
         <size>0x138</size>
         <input_file_ref idref="fl-b"/>
      </object_component>
      <object_component id="oc-a2">
         <name>.text:xTaskIncrementTick</name>
         <load_address>0x19f8</load_address>
         <run_address>0x19f8</run_address>
         <size>0x134</size>
         <input_file_ref idref="fl-b"/>
      </object_component>
      <object_component id="oc-211">
         <name>.text:GPIOPadConfigSet</name>
         <load_address>0x1b2c</load_address>
         <run_address>0x1b2c</run_address>
         <size>0x132</size>
         <input_file_ref idref="fl-14b"/>
      </object_component>
      <object_component id="oc-36">
         <name>.text:FaultISR</name>
         <load_address>0x1c5e</load_address>
         <run_address>0x1c5e</run_address>
         <size>0x2</size>
         <input_file_ref idref="fl-4"/>
      </object_component>
      <object_component id="oc-266">
         <name>.text:xQueueGenericSend</name>
         <load_address>0x1c60</load_address>
         <run_address>0x1c60</run_address>
         <size>0x124</size>
         <input_file_ref idref="fl-a"/>
      </object_component>
      <object_component id="oc-4f9">
         <name>.text:xTaskGenericNotifyFromISR</name>
         <load_address>0x1d84</load_address>
         <run_address>0x1d84</run_address>
         <size>0x124</size>
         <input_file_ref idref="fl-b"/>
      </object_component>
      <object_component id="oc-315">
         <name>.text:pvPortMalloc</name>
         <load_address>0x1ea8</load_address>
         <run_address>0x1ea8</run_address>
         <size>0x11c</size>
         <input_file_ref idref="fl-c"/>
      </object_component>
      <object_component id="oc-4ba">
         <name>.text:SysCtlClockGet</name>
         <load_address>0x1fc4</load_address>
         <run_address>0x1fc4</run_address>
         <size>0x110</size>
         <input_file_ref idref="fl-14e"/>
      </object_component>
      <object_component id="oc-388">
         <name>.text:xTaskResumeAll</name>
         <load_address>0x20d4</load_address>
         <run_address>0x20d4</run_address>
         <size>0x104</size>
         <input_file_ref idref="fl-b"/>
      </object_component>
      <object_component id="oc-257">
         <name>.text:xTaskGenericNotify</name>
         <load_address>0x21d8</load_address>
         <run_address>0x21d8</run_address>
         <size>0xf8</size>
         <input_file_ref idref="fl-b"/>
      </object_component>
      <object_component id="oc-127">
         <name>.text:SysCtlClockSet</name>
         <load_address>0x22d0</load_address>
         <run_address>0x22d0</run_address>
         <size>0xf4</size>
         <input_file_ref idref="fl-14e"/>
      </object_component>
      <object_component id="oc-263">
         <name>.text:UARTgets</name>
         <load_address>0x23c4</load_address>
         <run_address>0x23c4</run_address>
         <size>0xdc</size>
         <input_file_ref idref="fl-7"/>
      </object_component>
      <object_component id="oc-1d6">
         <name>.text:RGBEnable</name>
         <load_address>0x24a0</load_address>
         <run_address>0x24a0</run_address>
         <size>0xd8</size>
         <input_file_ref idref="fl-10"/>
      </object_component>
      <object_component id="oc-2bf">
         <name>.text:Send</name>
         <load_address>0x2578</load_address>
         <run_address>0x2578</run_address>
         <size>0xd8</size>
         <input_file_ref idref="fl-11"/>
      </object_component>
      <object_component id="oc-42">
         <name>.text</name>
         <load_address>0x2650</load_address>
         <run_address>0x2650</run_address>
         <size>0xd2</size>
         <input_file_ref idref="fl-e"/>
      </object_component>
      <object_component id="oc-3c">
         <name>.text:IntDefaultHandler</name>
         <load_address>0x2722</load_address>
         <run_address>0x2722</run_address>
         <size>0x2</size>
         <input_file_ref idref="fl-4"/>
      </object_component>
      <object_component id="oc-2e2">
         <name>.text:SaidaRede</name>
         <load_address>0x2724</load_address>
         <run_address>0x2724</run_address>
         <size>0xcc</size>
         <input_file_ref idref="fl-11"/>
      </object_component>
      <object_component id="oc-3e7">
         <name>.text:txSendPacket</name>
         <load_address>0x27f0</load_address>
         <run_address>0x27f0</run_address>
         <size>0xcc</size>
         <input_file_ref idref="fl-11"/>
      </object_component>
      <object_component id="oc-3c8">
         <name>.text:InitTimer4_TimeSlice</name>
         <load_address>0x28bc</load_address>
         <run_address>0x28bc</run_address>
         <size>0xc8</size>
         <input_file_ref idref="fl-5"/>
      </object_component>
      <object_component id="oc-376">
         <name>.text:vTaskPriorityInherit</name>
         <load_address>0x2984</load_address>
         <run_address>0x2984</run_address>
         <size>0xc8</size>
         <input_file_ref idref="fl-b"/>
      </object_component>
      <object_component id="oc-1ca">
         <name>.text:RGBColorSet</name>
         <load_address>0x2a4c</load_address>
         <run_address>0x2a4c</run_address>
         <size>0xc4</size>
         <input_file_ref idref="fl-10"/>
      </object_component>
      <object_component id="oc-395">
         <name>.text:prvCopyDataToQueue</name>
         <load_address>0x2b10</load_address>
         <run_address>0x2b10</run_address>
         <size>0xbc</size>
         <input_file_ref idref="fl-a"/>
      </object_component>
      <object_component id="oc-9b">
         <name>.text:vTaskSwitchContext</name>
         <load_address>0x2bcc</load_address>
         <run_address>0x2bcc</run_address>
         <size>0xb8</size>
         <input_file_ref idref="fl-b"/>
      </object_component>
      <object_component id="oc-29b">
         <name>.text:xTaskNotifyWait</name>
         <load_address>0x2c84</load_address>
         <run_address>0x2c84</run_address>
         <size>0xac</size>
         <input_file_ref idref="fl-b"/>
      </object_component>
      <object_component id="oc-567">
         <name>.text:CC1100_RfResetChip</name>
         <load_address>0x2d30</load_address>
         <run_address>0x2d30</run_address>
         <size>0xa8</size>
         <input_file_ref idref="fl-12"/>
      </object_component>
      <object_component id="oc-3b1">
         <name>.text:prvAddCurrentTaskToDelayedList</name>
         <load_address>0x2dd8</load_address>
         <run_address>0x2dd8</run_address>
         <size>0xa8</size>
         <input_file_ref idref="fl-b"/>
      </object_component>
      <object_component id="oc-4a9">
         <name>.text:xTaskPriorityDisinherit</name>
         <load_address>0x2e80</load_address>
         <run_address>0x2e80</run_address>
         <size>0xa8</size>
         <input_file_ref idref="fl-b"/>
      </object_component>
      <object_component id="oc-2ad">
         <name>.text:EnviaBeacon</name>
         <load_address>0x2f28</load_address>
         <run_address>0x2f28</run_address>
         <size>0xa0</size>
         <input_file_ref idref="fl-11"/>
      </object_component>
      <object_component id="oc-139">
         <name>.text:MACTaskInit</name>
         <load_address>0x2fc8</load_address>
         <run_address>0x2fc8</run_address>
         <size>0xa0</size>
         <input_file_ref idref="fl-11"/>
      </object_component>
      <object_component id="oc-284">
         <name>.text:xQueueGenericReset</name>
         <load_address>0x3068</load_address>
         <run_address>0x3068</run_address>
         <size>0xa0</size>
         <input_file_ref idref="fl-a"/>
      </object_component>
      <object_component id="oc-2a7">
         <name>.text:Trigger</name>
         <load_address>0x3108</load_address>
         <run_address>0x3108</run_address>
         <size>0x9c</size>
         <input_file_ref idref="fl-11"/>
      </object_component>
      <object_component id="oc-50">
         <name>.text</name>
         <load_address>0x31a4</load_address>
         <run_address>0x31a4</run_address>
         <size>0x9c</size>
         <input_file_ref idref="fl-141"/>
      </object_component>
      <object_component id="oc-22a">
         <name>.text:prvInitialiseTCBVariables</name>
         <load_address>0x3240</load_address>
         <run_address>0x3240</run_address>
         <size>0x9a</size>
         <input_file_ref idref="fl-b"/>
      </object_component>
      <object_component id="oc-30">
         <name>.text:NmiSR</name>
         <load_address>0x32da</load_address>
         <run_address>0x32da</run_address>
         <size>0x2</size>
         <input_file_ref idref="fl-4"/>
      </object_component>
      <object_component id="oc-402">
         <name>.text:SPI3_Read</name>
         <load_address>0x32dc</load_address>
         <run_address>0x32dc</run_address>
         <size>0x94</size>
         <input_file_ref idref="fl-2"/>
      </object_component>
      <object_component id="oc-449">
         <name>.text:SPI3_Write</name>
         <load_address>0x3370</load_address>
         <run_address>0x3370</run_address>
         <size>0x90</size>
         <input_file_ref idref="fl-2"/>
      </object_component>
      <object_component id="oc-358">
         <name>.text:xTaskRemoveFromEventList</name>
         <load_address>0x3400</load_address>
         <run_address>0x3400</run_address>
         <size>0x90</size>
         <input_file_ref idref="fl-b"/>
      </object_component>
      <object_component id="oc-2b9">
         <name>.text:CriaRede</name>
         <load_address>0x3490</load_address>
         <run_address>0x3490</run_address>
         <size>0x8c</size>
         <input_file_ref idref="fl-11"/>
      </object_component>
      <object_component id="oc-13f">
         <name>.text:vTaskStartScheduler</name>
         <load_address>0x351c</load_address>
         <run_address>0x351c</run_address>
         <size>0x88</size>
         <input_file_ref idref="fl-b"/>
      </object_component>
      <object_component id="oc-36a">
         <name>.text:xTaskCheckForTimeOut</name>
         <load_address>0x35a4</load_address>
         <run_address>0x35a4</run_address>
         <size>0x84</size>
         <input_file_ref idref="fl-b"/>
      </object_component>
      <object_component id="oc-382">
         <name>.text:prvUnlockQueue</name>
         <load_address>0x3628</load_address>
         <run_address>0x3628</run_address>
         <size>0x82</size>
         <input_file_ref idref="fl-a"/>
      </object_component>
      <object_component id="oc-583">
         <name>.text</name>
         <load_address>0x36aa</load_address>
         <run_address>0x36aa</run_address>
         <size>0x2</size>
         <input_file_ref idref="fl-14a"/>
      </object_component>
      <object_component id="oc-5da">
         <name>.text:SPI3_Init</name>
         <load_address>0x36ac</load_address>
         <run_address>0x36ac</run_address>
         <size>0x7c</size>
         <input_file_ref idref="fl-2"/>
      </object_component>
      <object_component id="oc-69">
         <name>.text</name>
         <load_address>0x3728</load_address>
         <run_address>0x3728</run_address>
         <size>0x7a</size>
         <input_file_ref idref="fl-142"/>
      </object_component>
      <object_component id="oc-2d2">
         <name>.text:SetRxMode</name>
         <load_address>0x37a4</load_address>
         <run_address>0x37a4</run_address>
         <size>0x78</size>
         <input_file_ref idref="fl-11"/>
      </object_component>
      <object_component id="oc-1a7">
         <name>.text:UARTStdioConfig</name>
         <load_address>0x381c</load_address>
         <run_address>0x381c</run_address>
         <size>0x74</size>
         <input_file_ref idref="fl-7"/>
      </object_component>
      <object_component id="oc-23c">
         <name>.text:prvInitialiseTaskLists</name>
         <load_address>0x3890</load_address>
         <run_address>0x3890</run_address>
         <size>0x74</size>
         <input_file_ref idref="fl-b"/>
      </object_component>
      <object_component id="oc-31b">
         <name>.text:vPortFree</name>
         <load_address>0x3904</load_address>
         <run_address>0x3904</run_address>
         <size>0x70</size>
         <input_file_ref idref="fl-c"/>
      </object_component>
      <object_component id="oc-224">
         <name>.text:prvAllocateTCBAndStack</name>
         <load_address>0x3974</load_address>
         <run_address>0x3974</run_address>
         <size>0x6c</size>
         <input_file_ref idref="fl-b"/>
      </object_component>
      <object_component id="oc-7b">
         <name>.text</name>
         <load_address>0x39e0</load_address>
         <run_address>0x39e0</run_address>
         <size>0x6c</size>
         <input_file_ref idref="fl-148"/>
      </object_component>
      <object_component id="oc-5c">
         <name>.text</name>
         <load_address>0x3a4c</load_address>
         <run_address>0x3a4c</run_address>
         <size>0x6a</size>
         <input_file_ref idref="fl-13d"/>
      </object_component>
      <object_component id="oc-4ea">
         <name>.text:IntEnable</name>
         <load_address>0x3ab8</load_address>
         <run_address>0x3ab8</run_address>
         <size>0x68</size>
         <input_file_ref idref="fl-14c"/>
      </object_component>
      <object_component id="oc-2ff">
         <name>.text:prvCheckTasksWaitingTermination</name>
         <load_address>0x3b20</load_address>
         <run_address>0x3b20</run_address>
         <size>0x68</size>
         <input_file_ref idref="fl-b"/>
      </object_component>
      <object_component id="oc-499">
         <name>.text:vListInsert</name>
         <load_address>0x3b88</load_address>
         <run_address>0x3b88</run_address>
         <size>0x66</size>
         <input_file_ref idref="fl-9"/>
      </object_component>
      <object_component id="oc-2a1">
         <name>.text:SetModo</name>
         <load_address>0x3bf0</load_address>
         <run_address>0x3bf0</run_address>
         <size>0x64</size>
         <input_file_ref idref="fl-11"/>
      </object_component>
      <object_component id="oc-4c0">
         <name>.text:TimerConfigure</name>
         <load_address>0x3c54</load_address>
         <run_address>0x3c54</run_address>
         <size>0x60</size>
         <input_file_ref idref="fl-150"/>
      </object_component>
      <object_component id="oc-38f">
         <name>.text:UARTwrite</name>
         <load_address>0x3cb4</load_address>
         <run_address>0x3cb4</run_address>
         <size>0x5c</size>
         <input_file_ref idref="fl-7"/>
      </object_component>
      <object_component id="oc-230">
         <name>.text:pxPortInitialiseStack</name>
         <load_address>0x3d10</load_address>
         <run_address>0x3d10</run_address>
         <size>0x5c</size>
         <input_file_ref idref="fl-d"/>
      </object_component>
      <object_component id="oc-3e1">
         <name>.text:Init_GPIOInt</name>
         <load_address>0x3d6c</load_address>
         <run_address>0x3d6c</run_address>
         <size>0x58</size>
         <input_file_ref idref="fl-5"/>
      </object_component>
      <object_component id="oc-514">
         <name>.text:GPIOIntTypeSet</name>
         <load_address>0x3dc4</load_address>
         <run_address>0x3dc4</run_address>
         <size>0x56</size>
         <input_file_ref idref="fl-14b"/>
      </object_component>
      <object_component id="oc-1d0">
         <name>.text:xQueueGenericCreate</name>
         <load_address>0x3e1a</load_address>
         <run_address>0x3e1a</run_address>
         <size>0x56</size>
         <input_file_ref idref="fl-a"/>
      </object_component>
      <object_component id="oc-2c6">
         <name>.text:CC1100_txPacketSent</name>
         <load_address>0x3e70</load_address>
         <run_address>0x3e70</run_address>
         <size>0x50</size>
         <input_file_ref idref="fl-12"/>
      </object_component>
      <object_component id="oc-2b3">
         <name>.text:ResetaRede</name>
         <load_address>0x3ec0</load_address>
         <run_address>0x3ec0</run_address>
         <size>0x50</size>
         <input_file_ref idref="fl-11"/>
      </object_component>
      <object_component id="oc-3ce">
         <name>.text:TimerTimeSliceIntHandler</name>
         <load_address>0x3f10</load_address>
         <run_address>0x3f10</run_address>
         <size>0x50</size>
         <input_file_ref idref="fl-11"/>
      </object_component>
      <object_component id="oc-475">
         <name>.text:prvHeapInit</name>
         <load_address>0x3f60</load_address>
         <run_address>0x3f60</run_address>
         <size>0x50</size>
         <input_file_ref idref="fl-c"/>
      </object_component>
      <object_component id="oc-24">
         <name>.text</name>
         <load_address>0x3fb0</load_address>
         <run_address>0x3fb0</run_address>
         <size>0x50</size>
         <input_file_ref idref="fl-13b"/>
      </object_component>
      <object_component id="oc-12d">
         <name>.text:ConfigureUART</name>
         <load_address>0x4000</load_address>
         <run_address>0x4000</run_address>
         <size>0x4c</size>
         <input_file_ref idref="fl-5"/>
      </object_component>
      <object_component id="oc-2ee">
         <name>.text:LigaRadio</name>
         <load_address>0x404c</load_address>
         <run_address>0x404c</run_address>
         <size>0x4c</size>
         <input_file_ref idref="fl-11"/>
      </object_component>
      <object_component id="oc-59c">
         <name>.text:_TimerIntNumberGet</name>
         <load_address>0x4098</load_address>
         <run_address>0x4098</run_address>
         <size>0x4c</size>
         <input_file_ref idref="fl-150"/>
      </object_component>
      <object_component id="oc-c9">
         <name>.text</name>
         <load_address>0x40e4</load_address>
         <run_address>0x40e4</run_address>
         <size>0x4c</size>
         <input_file_ref idref="fl-149"/>
      </object_component>
      <object_component id="oc-507">
         <name>.text:CC1100_GDOInit</name>
         <load_address>0x4130</load_address>
         <run_address>0x4130</run_address>
         <size>0x4a</size>
         <input_file_ref idref="fl-12"/>
      </object_component>
      <object_component id="oc-195">
         <name>.text:GPIOPinConfigure</name>
         <load_address>0x417c</load_address>
         <run_address>0x417c</run_address>
         <size>0x48</size>
         <input_file_ref idref="fl-14b"/>
      </object_component>
      <object_component id="oc-3fb">
         <name>.text:IntGPIOb</name>
         <load_address>0x41c4</load_address>
         <run_address>0x41c4</run_address>
         <size>0x48</size>
         <input_file_ref idref="fl-11"/>
      </object_component>
      <object_component id="oc-408">
         <name>.text:SPI3_Strobe</name>
         <load_address>0x420c</load_address>
         <run_address>0x420c</run_address>
         <size>0x48</size>
         <input_file_ref idref="fl-2"/>
      </object_component>
      <object_component id="oc-105">
         <name>.text:uxListRemove</name>
         <load_address>0x4254</load_address>
         <run_address>0x4254</run_address>
         <size>0x48</size>
         <input_file_ref idref="fl-9"/>
      </object_component>
      <object_component id="oc-133">
         <name>.text:AppTaskInit</name>
         <load_address>0x429c</load_address>
         <run_address>0x429c</run_address>
         <size>0x44</size>
         <input_file_ref idref="fl-14"/>
      </object_component>
      <object_component id="oc-413">
         <name>.text:CC1100_rxInit</name>
         <load_address>0x42e0</load_address>
         <run_address>0x42e0</run_address>
         <size>0x44</size>
         <input_file_ref idref="fl-12"/>
      </object_component>
      <object_component id="oc-87">
         <name>.text</name>
         <load_address>0x4324</load_address>
         <run_address>0x4324</run_address>
         <size>0x44</size>
         <input_file_ref idref="fl-13f"/>
      </object_component>
      <object_component id="oc-1ea">
         <name>.text:xPortStartScheduler</name>
         <load_address>0x4368</load_address>
         <run_address>0x4368</run_address>
         <size>0x44</size>
         <input_file_ref idref="fl-d"/>
      </object_component>
      <object_component id="oc-5c2">
         <name>.text:_GPIOIntNumberGet</name>
         <load_address>0x43ac</load_address>
         <run_address>0x43ac</run_address>
         <size>0x40</size>
         <input_file_ref idref="fl-14b"/>
      </object_component>
      <object_component id="oc-48a">
         <name>.text</name>
         <load_address>0x43ec</load_address>
         <run_address>0x43ec</run_address>
         <size>0x40</size>
         <input_file_ref idref="fl-145"/>
      </object_component>
      <object_component id="oc-612">
         <name>.text:SSIConfigSetExpClk</name>
         <load_address>0x442c</load_address>
         <run_address>0x442c</run_address>
         <size>0x3c</size>
         <input_file_ref idref="fl-14d"/>
      </object_component>
      <object_component id="oc-27e">
         <name>.text:prvAllocateQueueMemory</name>
         <load_address>0x4468</load_address>
         <run_address>0x4468</run_address>
         <size>0x3c</size>
         <input_file_ref idref="fl-a"/>
      </object_component>
      <object_component id="oc-34c">
         <name>.text:prvCopyDataFromQueue</name>
         <load_address>0x44a4</load_address>
         <run_address>0x44a4</run_address>
         <size>0x3c</size>
         <input_file_ref idref="fl-a"/>
      </object_component>
      <object_component id="oc-ff">
         <name>.text:prvResetNextTaskUnblockTime</name>
         <load_address>0x44e0</load_address>
         <run_address>0x44e0</run_address>
         <size>0x3c</size>
         <input_file_ref idref="fl-b"/>
      </object_component>
      <object_component id="oc-3ee">
         <name>.text:txFifoHalfFull</name>
         <load_address>0x451c</load_address>
         <run_address>0x451c</run_address>
         <size>0x3c</size>
         <input_file_ref idref="fl-11"/>
      </object_component>
      <object_component id="oc-10b">
         <name>.text:vListInsertEnd</name>
         <load_address>0x4558</load_address>
         <run_address>0x4558</run_address>
         <size>0x3c</size>
         <input_file_ref idref="fl-9"/>
      </object_component>
      <object_component id="oc-2cc">
         <name>.text:vTaskDelay</name>
         <load_address>0x4594</load_address>
         <run_address>0x4594</run_address>
         <size>0x3c</size>
         <input_file_ref idref="fl-b"/>
      </object_component>
      <object_component id="oc-425">
         <name>.text:rxFifoHalfFull</name>
         <load_address>0x45d0</load_address>
         <run_address>0x45d0</run_address>
         <size>0x38</size>
         <input_file_ref idref="fl-11"/>
      </object_component>
      <object_component id="oc-42b">
         <name>.text:rxPacketRecvd</name>
         <load_address>0x4608</load_address>
         <run_address>0x4608</run_address>
         <size>0x38</size>
         <input_file_ref idref="fl-11"/>
      </object_component>
      <object_component id="oc-3f5">
         <name>.text:txPacketSent</name>
         <load_address>0x4640</load_address>
         <run_address>0x4640</run_address>
         <size>0x38</size>
         <input_file_ref idref="fl-11"/>
      </object_component>
      <object_component id="oc-5d4">
         <name>.text:WaitUs</name>
         <load_address>0x4678</load_address>
         <run_address>0x4678</run_address>
         <size>0x36</size>
         <input_file_ref idref="fl-5"/>
      </object_component>
      <object_component id="oc-3db">
         <name>.text:CC1100_txInit</name>
         <load_address>0x46b0</load_address>
         <run_address>0x46b0</run_address>
         <size>0x34</size>
         <input_file_ref idref="fl-12"/>
      </object_component>
      <object_component id="oc-5a2">
         <name>.text:IntRegister</name>
         <load_address>0x46e4</load_address>
         <run_address>0x46e4</run_address>
         <size>0x34</size>
         <input_file_ref idref="fl-14c"/>
      </object_component>
      <object_component id="oc-18f">
         <name>.text:SysCtlPeripheralEnable</name>
         <load_address>0x4718</load_address>
         <run_address>0x4718</run_address>
         <size>0x34</size>
         <input_file_ref idref="fl-14e"/>
      </object_component>
      <object_component id="oc-3c2">
         <name>.text:RandomAddEntropy</name>
         <load_address>0x474c</load_address>
         <run_address>0x474c</run_address>
         <size>0x30</size>
         <input_file_ref idref="fl-6"/>
      </object_component>
      <object_component id="oc-331">
         <name>.text:vListInitialise</name>
         <load_address>0x477c</load_address>
         <run_address>0x477c</run_address>
         <size>0x30</size>
         <input_file_ref idref="fl-9"/>
      </object_component>
      <object_component id="oc-47">
         <name>.text:xPortSysTickHandler</name>
         <load_address>0x47ac</load_address>
         <run_address>0x47ac</run_address>
         <size>0x2c</size>
         <input_file_ref idref="fl-d"/>
      </object_component>
      <object_component id="oc-20b">
         <name>.text:GPIODirModeSet</name>
         <load_address>0x47d8</load_address>
         <run_address>0x47d8</run_address>
         <size>0x2a</size>
         <input_file_ref idref="fl-14b"/>
      </object_component>
      <object_component id="oc-d1">
         <name>.text:main</name>
         <load_address>0x4804</load_address>
         <run_address>0x4804</run_address>
         <size>0x28</size>
         <input_file_ref idref="fl-3"/>
      </object_component>
      <object_component id="oc-39b">
         <name>.text:prvIsQueueFull</name>
         <load_address>0x482c</load_address>
         <run_address>0x482c</run_address>
         <size>0x26</size>
         <input_file_ref idref="fl-a"/>
      </object_component>
      <object_component id="oc-4d8">
         <name>.text:IntPrioritySet</name>
         <load_address>0x4854</load_address>
         <run_address>0x4854</run_address>
         <size>0x24</size>
         <input_file_ref idref="fl-14c"/>
      </object_component>
      <object_component id="oc-24b">
         <name>.text:UARTprintf</name>
         <load_address>0x4878</load_address>
         <run_address>0x4878</run_address>
         <size>0x24</size>
         <input_file_ref idref="fl-7"/>
      </object_component>
      <object_component id="oc-236">
         <name>.text:vPortEnterCritical</name>
         <load_address>0x489c</load_address>
         <run_address>0x489c</run_address>
         <size>0x24</size>
         <input_file_ref idref="fl-d"/>
      </object_component>
      <object_component id="oc-35e">
         <name>.text:vTaskSetTimeOutState</name>
         <load_address>0x48c0</load_address>
         <run_address>0x48c0</run_address>
         <size>0x24</size>
         <input_file_ref idref="fl-b"/>
      </object_component>
      <object_component id="oc-2e8">
         <name>.text:CC1100_RfWriteReg</name>
         <load_address>0x48e4</load_address>
         <run_address>0x48e4</run_address>
         <size>0x22</size>
         <input_file_ref idref="fl-12"/>
      </object_component>
      <object_component id="oc-370">
         <name>.text:prvIsQueueEmpty</name>
         <load_address>0x4906</load_address>
         <run_address>0x4906</run_address>
         <size>0x20</size>
         <input_file_ref idref="fl-a"/>
      </object_component>
      <object_component id="oc-37c">
         <name>.text:vTaskPlaceOnEventList</name>
         <load_address>0x4928</load_address>
         <run_address>0x4928</run_address>
         <size>0x20</size>
         <input_file_ref idref="fl-b"/>
      </object_component>
      <object_component id="oc-1c4">
         <name>.text:RGBIntensitySet</name>
         <load_address>0x4948</load_address>
         <run_address>0x4948</run_address>
         <size>0x1c</size>
         <input_file_ref idref="fl-10"/>
      </object_component>
      <object_component id="oc-251">
         <name>.text:UARTgetc</name>
         <load_address>0x4964</load_address>
         <run_address>0x4964</run_address>
         <size>0x1c</size>
         <input_file_ref idref="fl-7"/>
      </object_component>
      <object_component id="oc-352">
         <name>.text:pvTaskIncrementMutexHeldCount</name>
         <load_address>0x4980</load_address>
         <run_address>0x4980</run_address>
         <size>0x1c</size>
         <input_file_ref idref="fl-b"/>
      </object_component>
      <object_component id="oc-242">
         <name>.text:vPortExitCritical</name>
         <load_address>0x499c</load_address>
         <run_address>0x499c</run_address>
         <size>0x1c</size>
         <input_file_ref idref="fl-d"/>
      </object_component>
      <object_component id="oc-43e">
         <name>.text:CC1100_RfReadFifo</name>
         <load_address>0x49b8</load_address>
         <run_address>0x49b8</run_address>
         <size>0x18</size>
         <input_file_ref idref="fl-12"/>
      </object_component>
      <object_component id="oc-527">
         <name>.text:CC1100_RfWriteFifo</name>
         <load_address>0x49d0</load_address>
         <run_address>0x49d0</run_address>
         <size>0x18</size>
         <input_file_ref idref="fl-12"/>
      </object_component>
      <object_component id="oc-51a">
         <name>.text:GPIOIntRegister</name>
         <load_address>0x49e8</load_address>
         <run_address>0x49e8</run_address>
         <size>0x18</size>
         <input_file_ref idref="fl-14b"/>
      </object_component>
      <object_component id="oc-4d2">
         <name>.text:TimerIntRegister</name>
         <load_address>0x4a00</load_address>
         <run_address>0x4a00</run_address>
         <size>0x18</size>
         <input_file_ref idref="fl-150"/>
      </object_component>
      <object_component id="oc-81">
         <name>.text</name>
         <load_address>0x4a18</load_address>
         <run_address>0x4a18</run_address>
         <size>0x18</size>
         <input_file_ref idref="fl-147"/>
      </object_component>
      <object_component id="oc-2f5">
         <name>.text:vPortSetupTimerInterrupt</name>
         <load_address>0x4a30</load_address>
         <run_address>0x4a30</run_address>
         <size>0x18</size>
         <input_file_ref idref="fl-d"/>
      </object_component>
      <object_component id="oc-46c">
         <name>.text:prvDeleteTCB</name>
         <load_address>0x4a48</load_address>
         <run_address>0x4a48</run_address>
         <size>0x14</size>
         <input_file_ref idref="fl-b"/>
      </object_component>
      <object_component id="oc-14d">
         <name>.text</name>
         <load_address>0x4a5c</load_address>
         <run_address>0x4a5c</run_address>
         <size>0x14</size>
         <input_file_ref idref="fl-146"/>
      </object_component>
      <object_component id="oc-41f">
         <name>.text:CC1100_RfStrobe</name>
         <load_address>0x4a70</load_address>
         <run_address>0x4a70</run_address>
         <size>0x12</size>
         <input_file_ref idref="fl-12"/>
      </object_component>
      <object_component id="oc-50e">
         <name>.text:GPIOPinTypeGPIOInput</name>
         <load_address>0x4a82</load_address>
         <run_address>0x4a82</run_address>
         <size>0x12</size>
         <input_file_ref idref="fl-14b"/>
      </object_component>
      <object_component id="oc-60c">
         <name>.text:GPIOPinTypeSSI</name>
         <load_address>0x4a94</load_address>
         <run_address>0x4a94</run_address>
         <size>0x12</size>
         <input_file_ref idref="fl-14b"/>
      </object_component>
      <object_component id="oc-19b">
         <name>.text:GPIOPinTypeUART</name>
         <load_address>0x4aa6</load_address>
         <run_address>0x4aa6</run_address>
         <size>0x12</size>
         <input_file_ref idref="fl-14b"/>
      </object_component>
      <object_component id="oc-549">
         <name>.text:SSIDataGetNonBlocking</name>
         <load_address>0x4ab8</load_address>
         <run_address>0x4ab8</run_address>
         <size>0x12</size>
         <input_file_ref idref="fl-14d"/>
      </object_component>
      <object_component id="oc-4cc">
         <name>.text:TimerLoadSet</name>
         <load_address>0x4aca</load_address>
         <run_address>0x4aca</run_address>
         <size>0x12</size>
         <input_file_ref idref="fl-150"/>
      </object_component>
      <object_component id="oc-4c6">
         <name>.text:TimerPrescaleSet</name>
         <load_address>0x4adc</load_address>
         <run_address>0x4adc</run_address>
         <size>0x12</size>
         <input_file_ref idref="fl-150"/>
      </object_component>
      <object_component id="oc-4de">
         <name>.text:IntMasterEnable</name>
         <load_address>0x4aee</load_address>
         <run_address>0x4aee</run_address>
         <size>0x10</size>
         <input_file_ref idref="fl-14c"/>
      </object_component>
      <object_component id="oc-329">
         <name>.text:prvTaskExitError</name>
         <load_address>0x4afe</load_address>
         <run_address>0x4afe</run_address>
         <size>0x10</size>
         <input_file_ref idref="fl-d"/>
      </object_component>
      <object_component id="oc-322">
         <name>.text:vListInitialiseItem</name>
         <load_address>0x4b0e</load_address>
         <run_address>0x4b0e</run_address>
         <size>0x10</size>
         <input_file_ref idref="fl-9"/>
      </object_component>
      <object_component id="oc-364">
         <name>.text:vTaskSuspendAll</name>
         <load_address>0x4b20</load_address>
         <run_address>0x4b20</run_address>
         <size>0x10</size>
         <input_file_ref idref="fl-b"/>
      </object_component>
      <object_component id="oc-3d5">
         <name>.text:GPIOIntDisable</name>
         <load_address>0x4b30</load_address>
         <run_address>0x4b30</run_address>
         <size>0xe</size>
         <input_file_ref idref="fl-14b"/>
      </object_component>
      <object_component id="oc-536">
         <name>.text:GPIOIntStatus</name>
         <load_address>0x4b3e</load_address>
         <run_address>0x4b3e</run_address>
         <size>0xe</size>
         <input_file_ref idref="fl-14b"/>
      </object_component>
      <object_component id="oc-53d">
         <name>.text:SSIDataPutNonBlocking</name>
         <load_address>0x4b4c</load_address>
         <run_address>0x4b4c</run_address>
         <size>0xe</size>
         <input_file_ref idref="fl-14d"/>
      </object_component>
      <object_component id="oc-4f0">
         <name>.text:TimerEnable</name>
         <load_address>0x4b5a</load_address>
         <run_address>0x4b5a</run_address>
         <size>0xe</size>
         <input_file_ref idref="fl-150"/>
      </object_component>
      <object_component id="oc-12">
         <name>.text:decompress:none</name>
         <load_address>0x4b68</load_address>
         <run_address>0x4b68</run_address>
         <size>0xe</size>
         <input_file_ref idref="fl-13c"/>
      </object_component>
      <object_component id="oc-52e">
         <name>.text:CC1100_txFifoHalfFull</name>
         <load_address>0x4b78</load_address>
         <run_address>0x4b78</run_address>
         <size>0xc</size>
         <input_file_ref idref="fl-12"/>
      </object_component>
      <object_component id="oc-5ae">
         <name>.text:CPUcpsie</name>
         <load_address>0x4b84</load_address>
         <run_address>0x4b84</run_address>
         <size>0xc</size>
         <input_file_ref idref="fl-152"/>
      </object_component>
      <object_component id="oc-520">
         <name>.text:GPIOIntEnable</name>
         <load_address>0x4b90</load_address>
         <run_address>0x4b90</run_address>
         <size>0xc</size>
         <input_file_ref idref="fl-14b"/>
      </object_component>
      <object_component id="oc-450">
         <name>.text:GetSeed</name>
         <load_address>0x4b9c</load_address>
         <run_address>0x4b9c</run_address>
         <size>0xc</size>
         <input_file_ref idref="fl-5"/>
      </object_component>
      <object_component id="oc-560">
         <name>.text:SysTickValueGet</name>
         <load_address>0x4ba8</load_address>
         <run_address>0x4ba8</run_address>
         <size>0xc</size>
         <input_file_ref idref="fl-14f"/>
      </object_component>
      <object_component id="oc-1e">
         <name>.text:decompress:ZI</name>
         <load_address>0x4bb4</load_address>
         <run_address>0x4bb4</run_address>
         <size>0xc</size>
         <input_file_ref idref="fl-13e"/>
      </object_component>
      <object_component id="oc-438">
         <name>.text:resetdataPending</name>
         <load_address>0x4bc0</load_address>
         <run_address>0x4bc0</run_address>
         <size>0xc</size>
         <input_file_ref idref="fl-12"/>
      </object_component>
      <object_component id="oc-432">
         <name>.text:resetpacketComplete</name>
         <load_address>0x4bcc</load_address>
         <run_address>0x4bcc</run_address>
         <size>0xc</size>
         <input_file_ref idref="fl-12"/>
      </object_component>
      <object_component id="oc-4a0">
         <name>.text:vTaskMissedYield</name>
         <load_address>0x4bd8</load_address>
         <run_address>0x4bd8</run_address>
         <size>0xc</size>
         <input_file_ref idref="fl-b"/>
      </object_component>
      <object_component id="oc-5e0">
         <name>.text:SSIDataPut</name>
         <load_address>0x4be4</load_address>
         <run_address>0x4be4</run_address>
         <size>0xa</size>
         <input_file_ref idref="fl-14d"/>
      </object_component>
      <object_component id="oc-618">
         <name>.text:SSIEnable</name>
         <load_address>0x4bee</load_address>
         <run_address>0x4bee</run_address>
         <size>0xa</size>
         <input_file_ref idref="fl-14d"/>
      </object_component>
      <object_component id="oc-1f0">
         <name>.text:prvIdleTask</name>
         <load_address>0x4bf8</load_address>
         <run_address>0x4bf8</run_address>
         <size>0xa</size>
         <input_file_ref idref="fl-b"/>
      </object_component>
      <object_component id="oc-f5">
         <name>.text:vApplicationStackOverflowHook</name>
         <load_address>0x4c02</load_address>
         <run_address>0x4c02</run_address>
         <size>0xa</size>
         <input_file_ref idref="fl-3"/>
      </object_component>
      <object_component id="oc-456">
         <name>.text:CC1100_RfPowerOn</name>
         <load_address>0x4c0c</load_address>
         <run_address>0x4c0c</run_address>
         <size>0x8</size>
         <input_file_ref idref="fl-12"/>
      </object_component>
      <object_component id="oc-543">
         <name>.text:SSIBusy</name>
         <load_address>0x4c14</load_address>
         <run_address>0x4c14</run_address>
         <size>0x8</size>
         <input_file_ref idref="fl-14d"/>
      </object_component>
      <object_component id="oc-4e4">
         <name>.text:TimerIntEnable</name>
         <load_address>0x4c1c</load_address>
         <run_address>0x4c1c</run_address>
         <size>0x8</size>
         <input_file_ref idref="fl-150"/>
      </object_component>
      <object_component id="oc-419">
         <name>.text:GPIOIntClear</name>
         <load_address>0x4c24</load_address>
         <run_address>0x4c24</run_address>
         <size>0x6</size>
         <input_file_ref idref="fl-14b"/>
      </object_component>
      <object_component id="oc-2a">
         <name>.text:ResetISR</name>
         <load_address>0x4c2a</load_address>
         <run_address>0x4c2a</run_address>
         <size>0x6</size>
         <input_file_ref idref="fl-4"/>
      </object_component>
      <object_component id="oc-18c">
         <name>.text:SysCtlDelay</name>
         <load_address>0x4c30</load_address>
         <run_address>0x4c30</run_address>
         <size>0x6</size>
         <input_file_ref idref="fl-14e"/>
      </object_component>
      <object_component id="oc-1a1">
         <name>.text:UARTClockSourceSet</name>
         <load_address>0x4c36</load_address>
         <run_address>0x4c36</run_address>
         <size>0x6</size>
         <input_file_ref idref="fl-151"/>
      </object_component>
      <object_component id="oc-18">
         <name>.text:decompress:rle24</name>
         <load_address>0x4c3c</load_address>
         <run_address>0x4c3c</run_address>
         <size>0x6</size>
         <input_file_ref idref="fl-13d"/>
      </object_component>
      <object_component id="oc-4ff">
         <name>.text:TimerIntClear</name>
         <load_address>0x4c42</load_address>
         <run_address>0x4c42</run_address>
         <size>0x4</size>
         <input_file_ref idref="fl-150"/>
      </object_component>
      <object_component id="oc-75">
         <name>.text</name>
         <load_address>0x4c46</load_address>
         <run_address>0x4c46</run_address>
         <size>0x4</size>
         <input_file_ref idref="fl-143"/>
      </object_component>
      <object_component id="oc-602">
         <name>.const:g_ppui32GPIOIntMapBlizzard</name>
         <load_address>0x4c4c</load_address>
         <run_address>0x4c4c</run_address>
         <size>0xc0</size>
         <input_file_ref idref="fl-14b"/>
      </object_component>
      <object_component id="oc-605">
         <name>.const:g_ppui32GPIOIntMapSnowflake</name>
         <load_address>0x4d0c</load_address>
         <run_address>0x4d0c</run_address>
         <size>0xc0</size>
         <input_file_ref idref="fl-14b"/>
      </object_component>
      <object_component id="oc-5a9">
         <name>.const:g_pui32Regs</name>
         <load_address>0x4dcc</load_address>
         <run_address>0x4dcc</run_address>
         <size>0x9c</size>
         <input_file_ref idref="fl-14c"/>
      </object_component>
      <object_component id="oc-206">
         <name>.const:g_pui32GPIOBaseAddrs</name>
         <load_address>0x4e68</load_address>
         <run_address>0x4e68</run_address>
         <size>0x90</size>
         <input_file_ref idref="fl-14b"/>
      </object_component>
      <object_component id="oc-5b6">
         <name>.const</name>
         <load_address>0x4ef8</load_address>
         <run_address>0x4ef8</run_address>
         <size>0x70</size>
         <input_file_ref idref="fl-14c"/>
      </object_component>
      <object_component id="oc-594">
         <name>.const:g_pui32Xtals</name>
         <load_address>0x4f68</load_address>
         <run_address>0x4f68</run_address>
         <size>0x6c</size>
         <input_file_ref idref="fl-14e"/>
      </object_component>
      <object_component id="oc-5f0">
         <name>.const:g_ppui32TimerIntMap</name>
         <load_address>0x4fd4</load_address>
         <run_address>0x4fd4</run_address>
         <size>0x60</size>
         <input_file_ref idref="fl-150"/>
      </object_component>
      <object_component id="oc-5f3">
         <name>.const:g_ppui32TimerIntMapSnowflake</name>
         <load_address>0x5034</load_address>
         <run_address>0x5034</run_address>
         <size>0x40</size>
         <input_file_ref idref="fl-150"/>
      </object_component>
      <object_component id="oc-462">
         <name>.const:myRfConfig</name>
         <load_address>0x5074</load_address>
         <run_address>0x5074</run_address>
         <size>0x3d</size>
         <input_file_ref idref="fl-11"/>
      </object_component>
      <object_component id="oc-47e">
         <name>.const</name>
         <load_address>0x50b2</load_address>
         <run_address>0x50b2</run_address>
         <size>0x2</size>
         <input_file_ref idref="fl-c"/>
      </object_component>
      <object_component id="oc-465">
         <name>.const</name>
         <load_address>0x50b4</load_address>
         <run_address>0x50b4</run_address>
         <size>0x20</size>
         <input_file_ref idref="fl-11"/>
      </object_component>
      <object_component id="oc-21a">
         <name>.const</name>
         <load_address>0x50d4</load_address>
         <run_address>0x50d4</run_address>
         <size>0x1c</size>
         <input_file_ref idref="fl-7"/>
      </object_component>
      <object_component id="oc-30e">
         <name>.const:.string</name>
         <load_address>0x50f0</load_address>
         <run_address>0x50f0</run_address>
         <size>0x12</size>
         <input_file_ref idref="fl-7"/>
      </object_component>
      <object_component id="oc-98">
         <name>.const</name>
         <load_address>0x5104</load_address>
         <run_address>0x5104</run_address>
         <size>0x4</size>
         <input_file_ref idref="fl-d"/>
      </object_component>
      <object_component id="oc-651">
         <name>.cinit..data.load</name>
         <load_address>0x5108</load_address>
         <run_address>0x5108</run_address>
         <size>0x34</size>
      </object_component>
      <object_component id="oc-64e">
         <name>__TI_handler_table</name>
         <load_address>0x513c</load_address>
         <run_address>0x513c</run_address>
         <size>0xc</size>
      </object_component>
      <object_component id="oc-652">
         <name>.cinit..bss.load</name>
         <load_address>0x5148</load_address>
         <run_address>0x5148</run_address>
         <size>0x8</size>
      </object_component>
      <object_component id="oc-650">
         <name>.cinit..vtable.load</name>
         <load_address>0x5150</load_address>
         <run_address>0x5150</run_address>
         <size>0x8</size>
      </object_component>
      <object_component id="oc-64f">
         <name>__TI_cinit_table</name>
         <load_address>0x5158</load_address>
         <run_address>0x5158</run_address>
         <size>0x18</size>
      </object_component>
      <object_component id="oc-5f7">
         <name>.vtable</name>
         <uninitialized>true</uninitialized>
         <run_address>0x20000000</run_address>
         <size>0x26c</size>
         <input_file_ref idref="fl-14c"/>
      </object_component>
      <object_component id="oc-29">
         <name>.stack</name>
         <uninitialized>true</uninitialized>
         <run_address>0x200079ec</run_address>
         <size>0x0</size>
         <input_file_ref idref="fl-13b"/>
      </object_component>
      <object_component id="oc-653">
         <name>.stack</name>
         <uninitialized>true</uninitialized>
         <run_address>0x200079ec</run_address>
         <size>0x0</size>
      </object_component>
      <object_component id="oc-4b2">
         <name>.bss:g_pui32RandomEntropy</name>
         <uninitialized>true</uninitialized>
         <run_address>0x200078dc</run_address>
         <size>0x40</size>
         <input_file_ref idref="fl-6"/>
      </object_component>
      <object_component id="oc-fb">
         <name>.bss:pxReadyTasksLists</name>
         <uninitialized>true</uninitialized>
         <run_address>0x2000779c</run_address>
         <size>0x140</size>
         <input_file_ref idref="fl-b"/>
      </object_component>
      <object_component id="oc-574">
         <name>.bss:ucHeap</name>
         <uninitialized>true</uninitialized>
         <run_address>0x2000026c</run_address>
         <size>0x7530</size>
         <input_file_ref idref="fl-c"/>
      </object_component>
      <object_component id="oc-2de">
         <name>.bss:xMsg</name>
         <uninitialized>true</uninitialized>
         <run_address>0x2000791c</run_address>
         <size>0x28</size>
         <input_file_ref idref="fl-11"/>
      </object_component>
      <object_component id="oc-337">
         <name>.common:xDelayedTaskList1</name>
         <uninitialized>true</uninitialized>
         <run_address>0x20007944</run_address>
         <size>0x14</size>
      </object_component>
      <object_component id="oc-338">
         <name>.common:xDelayedTaskList2</name>
         <uninitialized>true</uninitialized>
         <run_address>0x20007958</run_address>
         <size>0x14</size>
      </object_component>
      <object_component id="oc-111">
         <name>.common:pxDelayedTaskList</name>
         <uninitialized>true</uninitialized>
         <run_address>0x200079dc</run_address>
         <size>0x4</size>
      </object_component>
      <object_component id="oc-112">
         <name>.common:pxOverflowDelayedTaskList</name>
         <uninitialized>true</uninitialized>
         <run_address>0x200079e0</run_address>
         <size>0x4</size>
      </object_component>
      <object_component id="oc-339">
         <name>.common:xPendingReadyList</name>
         <uninitialized>true</uninitialized>
         <run_address>0x2000796c</run_address>
         <size>0x14</size>
      </object_component>
      <object_component id="oc-33a">
         <name>.common:xTasksWaitingTermination</name>
         <uninitialized>true</uninitialized>
         <run_address>0x20007994</run_address>
         <size>0x14</size>
      </object_component>
      <object_component id="oc-33b">
         <name>.common:xSuspendedTaskList</name>
         <uninitialized>true</uninitialized>
         <run_address>0x20007980</run_address>
         <size>0x14</size>
      </object_component>
      <object_component id="oc-481">
         <name>.common:xStart</name>
         <uninitialized>true</uninitialized>
         <run_address>0x200079bc</run_address>
         <size>0x8</size>
      </object_component>
      <object_component id="oc-484">
         <name>.common:xEnd</name>
         <uninitialized>true</uninitialized>
         <run_address>0x200079b4</run_address>
         <size>0x8</size>
      </object_component>
      <object_component id="oc-279">
         <name>.common:g_ui32Colors</name>
         <uninitialized>true</uninitialized>
         <run_address>0x200079a8</run_address>
         <size>0xc</size>
      </object_component>
      <object_component id="oc-444">
         <name>.common:dataPending</name>
         <uninitialized>true</uninitialized>
         <run_address>0x200079e8</run_address>
         <size>0x1</size>
      </object_component>
      <object_component id="oc-3ed">
         <name>.common:GDO0_int</name>
         <uninitialized>true</uninitialized>
         <run_address>0x200079cc</run_address>
         <size>0x4</size>
      </object_component>
      <object_component id="oc-3f4">
         <name>.common:GDO2_int</name>
         <uninitialized>true</uninitialized>
         <run_address>0x200079d0</run_address>
         <size>0x4</size>
      </object_component>
      <object_component id="oc-1df">
         <name>.common:RxQueue</name>
         <uninitialized>true</uninitialized>
         <run_address>0x200079d4</run_address>
         <size>0x4</size>
      </object_component>
      <object_component id="oc-1e2">
         <name>.common:TxQueue</name>
         <uninitialized>true</uninitialized>
         <run_address>0x200079d8</run_address>
         <size>0x4</size>
      </object_component>
      <object_component id="oc-2e1">
         <name>.common:Enderecos</name>
         <uninitialized>true</uninitialized>
         <run_address>0x200079c8</run_address>
         <size>0x4</size>
      </object_component>
      <object_component id="oc-2c5">
         <name>.common:ContMsg</name>
         <uninitialized>true</uninitialized>
         <run_address>0x200079c4</run_address>
         <size>0x4</size>
      </object_component>
      <object_component id="oc-55c">
         <name>.common:dataPending</name>
         <uninitialized>true</uninitialized>
         <run_address>0x200079e9</run_address>
         <size>0x1</size>
      </object_component>
      <object_component id="oc-558">
         <name>.common:packetComplete</name>
         <uninitialized>true</uninitialized>
         <run_address>0x200079ea</run_address>
         <size>0x1</size>
      </object_component>
      <object_component id="oc-26c">
         <name>.common:xAppQueue</name>
         <uninitialized>true</uninitialized>
         <run_address>0x200079e4</run_address>
         <size>0x4</size>
      </object_component>
      <object_component id="oc-4b6">
         <name>.data</name>
         <load_address>0x20007c80</load_address>
         <run_address>0x20007c80</run_address>
         <size>0x4</size>
         <input_file_ref idref="fl-6"/>
      </object_component>
      <object_component id="oc-21d">
         <name>.data</name>
         <load_address>0x20007c6c</load_address>
         <run_address>0x20007c6c</run_address>
         <size>0x5</size>
         <input_file_ref idref="fl-7"/>
      </object_component>
      <object_component id="oc-95">
         <name>.data</name>
         <load_address>0x20007bec</load_address>
         <run_address>0x20007bec</run_address>
         <size>0x34</size>
         <input_file_ref idref="fl-b"/>
      </object_component>
      <object_component id="oc-47b">
         <name>.data</name>
         <load_address>0x20007c54</load_address>
         <run_address>0x20007c54</run_address>
         <size>0x8</size>
         <input_file_ref idref="fl-c"/>
      </object_component>
      <object_component id="oc-2fb">
         <name>.data</name>
         <load_address>0x20007c7c</load_address>
         <run_address>0x20007c7c</run_address>
         <size>0x4</size>
         <input_file_ref idref="fl-d"/>
      </object_component>
      <object_component id="oc-276">
         <name>.data</name>
         <load_address>0x20007c84</load_address>
         <run_address>0x20007c84</run_address>
         <size>0x4</size>
         <input_file_ref idref="fl-10"/>
      </object_component>
      <object_component id="oc-1dc">
         <name>.data</name>
         <load_address>0x20007c20</load_address>
         <run_address>0x20007c20</run_address>
         <size>0x31</size>
         <input_file_ref idref="fl-11"/>
      </object_component>
      <object_component id="oc-40e">
         <name>.data</name>
         <load_address>0x20007c78</load_address>
         <run_address>0x20007c78</run_address>
         <size>0x4</size>
         <input_file_ref idref="fl-12"/>
      </object_component>
      <object_component id="oc-1b4">
         <name>.data</name>
         <load_address>0x20007c74</load_address>
         <run_address>0x20007c74</run_address>
         <size>0x4</size>
         <input_file_ref idref="fl-14"/>
      </object_component>
      <object_component id="oc-dc">
         <name>.data</name>
         <load_address>0x20007c64</load_address>
         <run_address>0x20007c64</run_address>
         <size>0x8</size>
         <input_file_ref idref="fl-13f"/>
      </object_component>
      <object_component id="oc-8d">
         <name>.data</name>
         <load_address>0x20007c88</load_address>
         <run_address>0x20007c88</run_address>
         <size>0x4</size>
         <input_file_ref idref="fl-144"/>
      </object_component>
      <object_component id="oc-d9">
         <name>.data</name>
         <load_address>0x20007c5c</load_address>
         <run_address>0x20007c5c</run_address>
         <size>0x8</size>
         <input_file_ref idref="fl-146"/>
      </object_component>
      <object_component id="oc-490">
         <name>.debug_info</name>
         <load_address>0x0</load_address>
         <run_address>0x0</run_address>
         <size>0x2e0</size>
         <input_file_ref idref="fl-2"/>
      </object_component>
      <object_component id="oc-5db">
         <name>.debug_info</name>
         <load_address>0x2e0</load_address>
         <run_address>0x2e0</run_address>
         <size>0x286</size>
         <input_file_ref idref="fl-2"/>
      </object_component>
      <object_component id="oc-44a">
         <name>.debug_info</name>
         <load_address>0x566</load_address>
         <run_address>0x566</run_address>
         <size>0x22f</size>
         <input_file_ref idref="fl-2"/>
      </object_component>
      <object_component id="oc-403">
         <name>.debug_info</name>
         <load_address>0x795</load_address>
         <run_address>0x795</run_address>
         <size>0x20d</size>
         <input_file_ref idref="fl-2"/>
      </object_component>
      <object_component id="oc-409">
         <name>.debug_info</name>
         <load_address>0x9a2</load_address>
         <run_address>0x9a2</run_address>
         <size>0x16d</size>
         <input_file_ref idref="fl-2"/>
      </object_component>
      <object_component id="oc-114">
         <name>.debug_info</name>
         <load_address>0xb0f</load_address>
         <run_address>0xb0f</run_address>
         <size>0x8b</size>
         <input_file_ref idref="fl-2"/>
      </object_component>
      <object_component id="oc-b0">
         <name>.debug_info</name>
         <load_address>0xb9a</load_address>
         <run_address>0xb9a</run_address>
         <size>0x18b</size>
         <input_file_ref idref="fl-2"/>
      </object_component>
      <object_component id="oc-345">
         <name>.debug_info</name>
         <load_address>0xd25</load_address>
         <run_address>0xd25</run_address>
         <size>0x4e</size>
         <input_file_ref idref="fl-2"/>
      </object_component>
      <object_component id="oc-17b">
         <name>.debug_info</name>
         <load_address>0xd73</load_address>
         <run_address>0xd73</run_address>
         <size>0x26e</size>
         <input_file_ref idref="fl-3"/>
      </object_component>
      <object_component id="oc-f8">
         <name>.debug_info</name>
         <load_address>0xfe1</load_address>
         <run_address>0xfe1</run_address>
         <size>0x195</size>
         <input_file_ref idref="fl-3"/>
      </object_component>
      <object_component id="oc-d4">
         <name>.debug_info</name>
         <load_address>0x1176</load_address>
         <run_address>0x1176</run_address>
         <size>0x168</size>
         <input_file_ref idref="fl-3"/>
      </object_component>
      <object_component id="oc-ed">
         <name>.debug_info</name>
         <load_address>0x12de</load_address>
         <run_address>0x12de</run_address>
         <size>0x30c</size>
         <input_file_ref idref="fl-3"/>
      </object_component>
      <object_component id="oc-296">
         <name>.debug_info</name>
         <load_address>0x15ea</load_address>
         <run_address>0x15ea</run_address>
         <size>0x514</size>
         <input_file_ref idref="fl-3"/>
      </object_component>
      <object_component id="oc-270">
         <name>.debug_info</name>
         <load_address>0x1afe</load_address>
         <run_address>0x1afe</run_address>
         <size>0x1ea</size>
         <input_file_ref idref="fl-3"/>
      </object_component>
      <object_component id="oc-16c">
         <name>.debug_info</name>
         <load_address>0x1ce8</load_address>
         <run_address>0x1ce8</run_address>
         <size>0x3b8</size>
         <input_file_ref idref="fl-3"/>
      </object_component>
      <object_component id="oc-ab">
         <name>.debug_info</name>
         <load_address>0x20a0</load_address>
         <run_address>0x20a0</run_address>
         <size>0x84</size>
         <input_file_ref idref="fl-3"/>
      </object_component>
      <object_component id="oc-28b">
         <name>.debug_info</name>
         <load_address>0x2124</load_address>
         <run_address>0x2124</run_address>
         <size>0x46</size>
         <input_file_ref idref="fl-3"/>
      </object_component>
      <object_component id="oc-176">
         <name>.debug_info</name>
         <load_address>0x216a</load_address>
         <run_address>0x216a</run_address>
         <size>0x2c</size>
         <input_file_ref idref="fl-3"/>
      </object_component>
      <object_component id="oc-e8">
         <name>.debug_info</name>
         <load_address>0x2196</load_address>
         <run_address>0x2196</run_address>
         <size>0x53</size>
         <input_file_ref idref="fl-3"/>
      </object_component>
      <object_component id="oc-167">
         <name>.debug_info</name>
         <load_address>0x21e9</load_address>
         <run_address>0x21e9</run_address>
         <size>0x14c</size>
         <input_file_ref idref="fl-3"/>
      </object_component>
      <object_component id="oc-4f">
         <name>.debug_info</name>
         <load_address>0x2335</load_address>
         <run_address>0x2335</run_address>
         <size>0x170</size>
         <input_file_ref idref="fl-4"/>
      </object_component>
      <object_component id="oc-10">
         <name>.debug_info</name>
         <load_address>0x24a5</load_address>
         <run_address>0x24a5</run_address>
         <size>0xd5</size>
         <input_file_ref idref="fl-4"/>
      </object_component>
      <object_component id="oc-2e">
         <name>.debug_info</name>
         <load_address>0x257a</load_address>
         <run_address>0x257a</run_address>
         <size>0x105</size>
         <input_file_ref idref="fl-4"/>
      </object_component>
      <object_component id="oc-34">
         <name>.debug_info</name>
         <load_address>0x267f</load_address>
         <run_address>0x267f</run_address>
         <size>0xf6</size>
         <input_file_ref idref="fl-4"/>
      </object_component>
      <object_component id="oc-3a">
         <name>.debug_info</name>
         <load_address>0x2775</load_address>
         <run_address>0x2775</run_address>
         <size>0xfc</size>
         <input_file_ref idref="fl-4"/>
      </object_component>
      <object_component id="oc-3e">
         <name>.debug_info</name>
         <load_address>0x2871</load_address>
         <run_address>0x2871</run_address>
         <size>0x10e</size>
         <input_file_ref idref="fl-4"/>
      </object_component>
      <object_component id="oc-4f7">
         <name>.debug_info</name>
         <load_address>0x297f</load_address>
         <run_address>0x297f</run_address>
         <size>0x616</size>
         <input_file_ref idref="fl-5"/>
      </object_component>
      <object_component id="oc-5d5">
         <name>.debug_info</name>
         <load_address>0x2f95</load_address>
         <run_address>0x2f95</run_address>
         <size>0x11e</size>
         <input_file_ref idref="fl-5"/>
      </object_component>
      <object_component id="oc-12f">
         <name>.debug_info</name>
         <load_address>0x30b3</load_address>
         <run_address>0x30b3</run_address>
         <size>0x1aa</size>
         <input_file_ref idref="fl-5"/>
      </object_component>
      <object_component id="oc-3e2">
         <name>.debug_info</name>
         <load_address>0x325d</load_address>
         <run_address>0x325d</run_address>
         <size>0x2fc</size>
         <input_file_ref idref="fl-5"/>
      </object_component>
      <object_component id="oc-3c9">
         <name>.debug_info</name>
         <load_address>0x3559</load_address>
         <run_address>0x3559</run_address>
         <size>0x2e4</size>
         <input_file_ref idref="fl-5"/>
      </object_component>
      <object_component id="oc-451">
         <name>.debug_info</name>
         <load_address>0x383d</load_address>
         <run_address>0x383d</run_address>
         <size>0x11e</size>
         <input_file_ref idref="fl-5"/>
      </object_component>
      <object_component id="oc-591">
         <name>.debug_info</name>
         <load_address>0x395b</load_address>
         <run_address>0x395b</run_address>
         <size>0xf4</size>
         <input_file_ref idref="fl-6"/>
      </object_component>
      <object_component id="oc-4b3">
         <name>.debug_info</name>
         <load_address>0x3a4f</load_address>
         <run_address>0x3a4f</run_address>
         <size>0x104</size>
         <input_file_ref idref="fl-6"/>
      </object_component>
      <object_component id="oc-4b7">
         <name>.debug_info</name>
         <load_address>0x3b53</load_address>
         <run_address>0x3b53</run_address>
         <size>0xfe</size>
         <input_file_ref idref="fl-6"/>
      </object_component>
      <object_component id="oc-3c5">
         <name>.debug_info</name>
         <load_address>0x3c51</load_address>
         <run_address>0x3c51</run_address>
         <size>0x1b4</size>
         <input_file_ref idref="fl-6"/>
      </object_component>
      <object_component id="oc-3bd">
         <name>.debug_info</name>
         <load_address>0x3e05</load_address>
         <run_address>0x3e05</run_address>
         <size>0x1ef</size>
         <input_file_ref idref="fl-6"/>
      </object_component>
      <object_component id="oc-311">
         <name>.debug_info</name>
         <load_address>0x3ff4</load_address>
         <run_address>0x3ff4</run_address>
         <size>0x10c</size>
         <input_file_ref idref="fl-7"/>
      </object_component>
      <object_component id="oc-221">
         <name>.debug_info</name>
         <load_address>0x4100</load_address>
         <run_address>0x4100</run_address>
         <size>0xf3</size>
         <input_file_ref idref="fl-7"/>
      </object_component>
      <object_component id="oc-21b">
[...]
      <symbol id="sm-7ce">
         <name>TxQueue</name>
         <value>0x200079d8</value>
      </symbol>
      <symbol id="sm-7cf">
         <name>Enderecos</name>
         <value>0x200079c8</value>
      </symbol>
      <symbol id="sm-7d0">
         <name>ContMsg</name>
         <value>0x200079c4</value>
      </symbol>
      <symbol id="sm-7d1">
         <name>TimerTimeSliceIntHandler</name>
         <value>0x3f11</value>
         <object_component_ref idref="oc-3ce"/>
      </symbol>
      <symbol id="sm-7d2">
         <name>TRede_TRIGGER</name>
         <value>0x20007c28</value>
         <object_component_ref idref="oc-1dc"/>
      </symbol>
      <symbol id="sm-7d3">
         <name>MACTaskHandle</name>
         <value>0x20007c20</value>
         <object_component_ref idref="oc-1dc"/>
      </symbol>
      <symbol id="sm-7d4">
         <name>txSendPacket</name>
         <value>0x27f1</value>
         <object_component_ref idref="oc-3e7"/>
      </symbol>
      <symbol id="sm-7d5">
         <name>Trigger</name>
         <value>0x3109</value>
         <object_component_ref idref="oc-2a7"/>
      </symbol>
      <symbol id="sm-7d6">
         <name>Value_TimerReset</name>
         <value>0x20007c2c</value>
         <object_component_ref idref="oc-1dc"/>
      </symbol>
      <symbol id="sm-7d7">
         <name>SetRxMode</name>
         <value>0x37a5</value>
         <object_component_ref idref="oc-2d2"/>
      </symbol>
      <symbol id="sm-7d8">
         <name>rxFifoHalfFull</name>
         <value>0x45d1</value>
         <object_component_ref idref="oc-425"/>
      </symbol>
      <symbol id="sm-7d9">
         <name>rxPacketRecvd</name>
         <value>0x4609</value>
         <object_component_ref idref="oc-42b"/>
      </symbol>
      <symbol id="sm-7da">
         <name>Protocolo_rxRecvPacket</name>
         <value>0x90d</value>
         <object_component_ref idref="oc-2d8"/>
      </symbol>
      <symbol id="sm-7db">
         <name>MACTaskInit</name>
         <value>0x2fc9</value>
         <object_component_ref idref="oc-139"/>
      </symbol>
      <symbol id="sm-7dc">
         <name>CriaRede</name>
         <value>0x3491</value>
         <object_component_ref idref="oc-2b9"/>
      </symbol>
      <symbol id="sm-7dd">
         <name>IntGPIOb</name>
         <value>0x41c5</value>
         <object_component_ref idref="oc-3fb"/>
      </symbol>
      <symbol id="sm-7de">
         <name>SaidaRede</name>
         <value>0x2725</value>
         <object_component_ref idref="oc-2e2"/>
      </symbol>
      <symbol id="sm-7df">
         <name>TRede_BEACON</name>
         <value>0x20007c24</value>
         <object_component_ref idref="oc-1dc"/>
      </symbol>
      <symbol id="sm-7e0">
         <name>txFifoHalfFull</name>
         <value>0x451d</value>
         <object_component_ref idref="oc-3ee"/>
      </symbol>
      <symbol id="sm-7e1">
         <name>PA_TABLE</name>
         <value>0x50b4</value>
         <object_component_ref idref="oc-465"/>
      </symbol>
      <symbol id="sm-7e2">
         <name>SetModo</name>
         <value>0x3bf1</value>
         <object_component_ref idref="oc-2a1"/>
      </symbol>
      <symbol id="sm-7e3">
         <name>txPacketSent</name>
         <value>0x4641</value>
         <object_component_ref idref="oc-3f5"/>
      </symbol>
      <symbol id="sm-7e4">
         <name>estado</name>
         <value>0x20007c40</value>
         <object_component_ref idref="oc-1dc"/>
      </symbol>
      <symbol id="sm-7e5">
         <name>xMsg</name>
         <value>0x2000791c</value>
         <object_component_ref idref="oc-2de"/>
      </symbol>
      <symbol id="sm-7e6">
         <name>sending</name>
         <value>0x20007c50</value>
         <object_component_ref idref="oc-1dc"/>
      </symbol>
      <symbol id="sm-7e7">
         <name>Send</name>
         <value>0x2579</value>
         <object_component_ref idref="oc-2bf"/>
      </symbol>
      <symbol id="sm-7e8">
         <name>myRfConfig</name>
         <value>0x5074</value>
         <object_component_ref idref="oc-462"/>
      </symbol>
      <symbol id="sm-7e9">
         <name>LigaRadio</name>
         <value>0x404d</value>
         <object_component_ref idref="oc-2ee"/>
      </symbol>
      <symbol id="sm-7ea">
         <name>ResetaRede</name>
         <value>0x3ec1</value>
         <object_component_ref idref="oc-2b3"/>
      </symbol>
      <symbol id="sm-7eb">
         <name>EnviaBeacon</name>
         <value>0x2f29</value>
         <object_component_ref idref="oc-2ad"/>
      </symbol>
      <symbol id="sm-889">
         <name>resetpacketComplete</name>
         <value>0x4bcd</value>
         <object_component_ref idref="oc-432"/>
      </symbol>
      <symbol id="sm-88a">
         <name>resetdataPending</name>
         <value>0x4bc1</value>
         <object_component_ref idref="oc-438"/>
      </symbol>
      <symbol id="sm-88b">
         <name>CC1100_RfStrobe</name>
         <value>0x4a71</value>
         <object_component_ref idref="oc-41f"/>
      </symbol>
      <symbol id="sm-88c">
         <name>CC1100_RfResetChip</name>
         <value>0x2d31</value>
         <object_component_ref idref="oc-567"/>
      </symbol>
      <symbol id="sm-88d">
         <name>CC1100_txFifoHalfFull</name>
         <value>0x4b79</value>
         <object_component_ref idref="oc-52e"/>
      </symbol>
      <symbol id="sm-88e">
         <name>CC1100_RfReadFifo</name>
         <value>0x49b9</value>
         <object_component_ref idref="oc-43e"/>
      </symbol>
      <symbol id="sm-88f">
         <name>CC1100_RfPowerOn</name>
         <value>0x4c0d</value>
         <object_component_ref idref="oc-456"/>
      </symbol>
      <symbol id="sm-890">
         <name>CC1100_txPacketSent</name>
         <value>0x3e71</value>
         <object_component_ref idref="oc-2c6"/>
      </symbol>
      <symbol id="sm-891">
         <name>nPacketsPending</name>
         <value>0x20007c79</value>
         <object_component_ref idref="oc-40e"/>
      </symbol>
      <symbol id="sm-892">
         <name>CC1100_RfWriteReg</name>
         <value>0x48e5</value>
         <object_component_ref idref="oc-2e8"/>
      </symbol>
      <symbol id="sm-893">
         <name>CC1100_rxInit</name>
         <value>0x42e1</value>
         <object_component_ref idref="oc-413"/>
      </symbol>
      <symbol id="sm-894">
         <name>CC1100_txInit</name>
         <value>0x46b1</value>
         <object_component_ref idref="oc-3db"/>
      </symbol>
      <symbol id="sm-895">
         <name>CC1100_RfWriteFifo</name>
         <value>0x49d1</value>
         <object_component_ref idref="oc-527"/>
      </symbol>
      <symbol id="sm-896">
         <name>CC1100_RfConfig</name>
         <value>0x1425</value>
         <object_component_ref idref="oc-45c"/>
      </symbol>
      <symbol id="sm-897">
         <name>nBytesInFifo</name>
         <value>0x20007c7a</value>
         <object_component_ref idref="oc-40e"/>
      </symbol>
      <symbol id="sm-898">
         <name>CC1100_GDOInit</name>
         <value>0x4131</value>
         <object_component_ref idref="oc-507"/>
      </symbol>
      <symbol id="sm-899">
         <name>txStrobeNeeded</name>
         <value>0x20007c78</value>
         <object_component_ref idref="oc-40e"/>
      </symbol>
      <symbol id="sm-8d3">
         <name>xAppQueue</name>
         <value>0x200079e4</value>
      </symbol>
      <symbol id="sm-8d4">
         <name>AppTaskInit</name>
         <value>0x429d</value>
         <object_component_ref idref="oc-133"/>
      </symbol>
      <symbol id="sm-8d5">
         <name>AppTaskHandle</name>
         <value>0x20007c74</value>
         <object_component_ref idref="oc-1b4"/>
      </symbol>
      <symbol id="sm-8e7">
         <name>_c_int00</name>
         <value>0x3fb1</value>
         <object_component_ref idref="oc-24"/>
      </symbol>
      <symbol id="sm-8e8">
         <name>__stack</name>
         <value>0x200079ec</value>
         <object_component_ref idref="oc-29"/>
      </symbol>
      <symbol id="sm-8ff">
         <name>__TI_decompress_none</name>
         <value>0x4b69</value>
         <object_component_ref idref="oc-12"/>
      </symbol>
      <symbol id="sm-927">
         <name>__TI_decompress_rle24</name>
         <value>0x4c3d</value>
         <object_component_ref idref="oc-18"/>
      </symbol>
      <symbol id="sm-939">
         <name>__TI_zero_init</name>
         <value>0x4bb5</value>
         <object_component_ref idref="oc-1e"/>
      </symbol>
      <symbol id="sm-958">
         <name>C$$EXIT</name>
         <value>0x4325</value>
         <object_component_ref idref="oc-87"/>
      </symbol>
      <symbol id="sm-959">
         <name>abort</name>
         <value>0x4329</value>
         <object_component_ref idref="oc-87"/>
      </symbol>
      <symbol id="sm-95a">
         <name>exit</name>
         <value>0x4331</value>
         <object_component_ref idref="oc-87"/>
      </symbol>
      <symbol id="sm-95b">
         <name>__TI_dtors_ptr</name>
         <value>0x20007c68</value>
         <object_component_ref idref="oc-dc"/>
      </symbol>
      <symbol id="sm-95c">
         <name>__TI_cleanup_ptr</name>
         <value>0x20007c64</value>
         <object_component_ref idref="oc-dc"/>
      </symbol>
      <symbol id="sm-97a">
         <name>memcpy</name>
         <value>0x31a5</value>
         <object_component_ref idref="oc-50"/>
      </symbol>
      <symbol id="sm-97b">
         <name>__aeabi_memcpy</name>
         <value>0x31a5</value>
         <object_component_ref idref="oc-50"/>
      </symbol>
      <symbol id="sm-97c">
         <name>__aeabi_memcpy8</name>
         <value>0x31a5</value>
         <object_component_ref idref="oc-50"/>
      </symbol>
      <symbol id="sm-97d">
         <name>__aeabi_memcpy4</name>
         <value>0x31a5</value>
         <object_component_ref idref="oc-50"/>
      </symbol>
      <symbol id="sm-98c">
         <name>__aeabi_memset</name>
         <value>0x372b</value>
         <object_component_ref idref="oc-69"/>
      </symbol>
      <symbol id="sm-98d">
         <name>memset</name>
         <value>0x3731</value>
         <object_component_ref idref="oc-69"/>
      </symbol>
      <symbol id="sm-98e">
         <name>__aeabi_memset8</name>
         <value>0x372b</value>
         <object_component_ref idref="oc-69"/>
      </symbol>
      <symbol id="sm-98f">
         <name>__aeabi_memset4</name>
         <value>0x372b</value>
         <object_component_ref idref="oc-69"/>
      </symbol>
      <symbol id="sm-990">
         <name>__aeabi_memclr8</name>
         <value>0x3729</value>
         <object_component_ref idref="oc-69"/>
      </symbol>
      <symbol id="sm-991">
         <name>__aeabi_memclr4</name>
         <value>0x3729</value>
         <object_component_ref idref="oc-69"/>
      </symbol>
      <symbol id="sm-992">
         <name>__aeabi_memclr</name>
         <value>0x3729</value>
         <object_component_ref idref="oc-69"/>
      </symbol>
      <symbol id="sm-99c">
         <name>_system_pre_init</name>
         <value>0x4c47</value>
         <object_component_ref idref="oc-75"/>
      </symbol>
      <symbol id="sm-9a4">
         <name>main_func_sp</name>
         <value>0x20007c88</value>
         <object_component_ref idref="oc-8d"/>
      </symbol>
      <symbol id="sm-9b6">
         <name>__aeabi_uidivmod</name>
         <value>0x43ed</value>
         <object_component_ref idref="oc-48a"/>
      </symbol>
      <symbol id="sm-9b7">
         <name>__aeabi_uidiv</name>
         <value>0x43ed</value>
         <object_component_ref idref="oc-48a"/>
      </symbol>
      <symbol id="sm-9d0">
         <name>_nop</name>
         <value>0x4a6b</value>
         <object_component_ref idref="oc-14d"/>
      </symbol>
      <symbol id="sm-9d1">
         <name>_lock</name>
         <value>0x20007c5c</value>
         <object_component_ref idref="oc-d9"/>
      </symbol>
      <symbol id="sm-9d2">
         <name>_unlock</name>
         <value>0x20007c60</value>
         <object_component_ref idref="oc-d9"/>
      </symbol>
      <symbol id="sm-9d3">
         <name>_register_lock</name>
         <value>0x4a63</value>
         <object_component_ref idref="oc-14d"/>
      </symbol>
      <symbol id="sm-9d4">
         <name>_register_unlock</name>
         <value>0x4a5d</value>
         <object_component_ref idref="oc-14d"/>
      </symbol>
      <symbol id="sm-9e9">
         <name>_args_main</name>
         <value>0x4a19</value>
         <object_component_ref idref="oc-81"/>
      </symbol>
      <symbol id="sm-a0f">
         <name>__TI_auto_init</name>
         <value>0x39e1</value>
         <object_component_ref idref="oc-7b"/>
      </symbol>
      <symbol id="sm-a29">
         <name>copy_in</name>
         <value>0x40e5</value>
         <object_component_ref idref="oc-c9"/>
      </symbol>
      <symbol id="sm-a33">
         <name>__aeabi_idiv0</name>
         <value>0x36ab</value>
         <object_component_ref idref="oc-583"/>
      </symbol>
      <symbol id="sm-ac4">
         <name>GPIOIntRegister</name>
         <value>0x49e9</value>
         <object_component_ref idref="oc-51a"/>
      </symbol>
      <symbol id="sm-ac5">
         <name>GPIOPinConfigure</name>
         <value>0x417d</value>
         <object_component_ref idref="oc-195"/>
      </symbol>
      <symbol id="sm-ac6">
         <name>GPIOIntDisable</name>
         <value>0x4b31</value>
         <object_component_ref idref="oc-3d5"/>
      </symbol>
      <symbol id="sm-ac7">
         <name>GPIOIntEnable</name>
         <value>0x4b91</value>
         <object_component_ref idref="oc-520"/>
      </symbol>
      <symbol id="sm-ac8">
         <name>GPIOIntTypeSet</name>
         <value>0x3dc5</value>
         <object_component_ref idref="oc-514"/>
      </symbol>
      <symbol id="sm-ac9">
         <name>GPIOPinTypeGPIOInput</name>
         <value>0x4a83</value>
         <object_component_ref idref="oc-50e"/>
      </symbol>
      <symbol id="sm-aca">
         <name>GPIOIntClear</name>
         <value>0x4c25</value>
         <object_component_ref idref="oc-419"/>
      </symbol>
      <symbol id="sm-acb">
         <name>GPIOPinTypeUART</name>
         <value>0x4aa7</value>
         <object_component_ref idref="oc-19b"/>
      </symbol>
      <symbol id="sm-acc">
         <name>GPIOIntStatus</name>
         <value>0x4b3f</value>
         <object_component_ref idref="oc-536"/>
      </symbol>
      <symbol id="sm-acd">
         <name>GPIODirModeSet</name>
         <value>0x47d9</value>
         <object_component_ref idref="oc-20b"/>
      </symbol>
      <symbol id="sm-ace">
         <name>GPIOPadConfigSet</name>
         <value>0x1b2d</value>
         <object_component_ref idref="oc-211"/>
      </symbol>
      <symbol id="sm-acf">
         <name>GPIOPinTypeSSI</name>
         <value>0x4a95</value>
         <object_component_ref idref="oc-60c"/>
      </symbol>
      <symbol id="sm-b22">
         <name>IntPrioritySet</name>
         <value>0x4855</value>
         <object_component_ref idref="oc-4d8"/>
      </symbol>
      <symbol id="sm-b23">
         <name>IntEnable</name>
         <value>0x3ab9</value>
         <object_component_ref idref="oc-4ea"/>
      </symbol>
      <symbol id="sm-b24">
         <name>IntRegister</name>
         <value>0x46e5</value>
         <object_component_ref idref="oc-5a2"/>
      </symbol>
      <symbol id="sm-b25">
         <name>g_pfnRAMVectors</name>
         <value>0x20000000</value>
         <object_component_ref idref="oc-5f7"/>
      </symbol>
      <symbol id="sm-b26">
         <name>IntMasterEnable</name>
         <value>0x4aef</value>
         <object_component_ref idref="oc-4de"/>
      </symbol>
      <symbol id="sm-b5e">
         <name>SSIDataPut</name>
         <value>0x4be5</value>
         <object_component_ref idref="oc-5e0"/>
      </symbol>
      <symbol id="sm-b5f">
         <name>SSIDataGetNonBlocking</name>
         <value>0x4ab9</value>
         <object_component_ref idref="oc-549"/>
      </symbol>
      <symbol id="sm-b60">
         <name>SSIDataPutNonBlocking</name>
         <value>0x4b4d</value>
         <object_component_ref idref="oc-53d"/>
      </symbol>
      <symbol id="sm-b61">
         <name>SSIConfigSetExpClk</name>
         <value>0x442d</value>
         <object_component_ref idref="oc-612"/>
      </symbol>
      <symbol id="sm-b62">
         <name>SSIEnable</name>
         <value>0x4bef</value>
         <object_component_ref idref="oc-618"/>
      </symbol>
      <symbol id="sm-b63">
         <name>SSIBusy</name>
         <value>0x4c15</value>
         <object_component_ref idref="oc-543"/>
      </symbol>
      <symbol id="sm-bb5">
         <name>SysCtlClockSet</name>
         <value>0x22d1</value>
         <object_component_ref idref="oc-127"/>
      </symbol>
      <symbol id="sm-bb6">
         <name>SysCtlDelay</name>
         <value>0x4c31</value>
         <object_component_ref idref="oc-18c"/>
      </symbol>
      <symbol id="sm-bb7">
         <name>SysCtlPeripheralEnable</name>
         <value>0x4719</value>
         <object_component_ref idref="oc-18f"/>
      </symbol>
      <symbol id="sm-bb8">
         <name>SysCtlClockGet</name>
         <value>0x1fc5</value>
         <object_component_ref idref="oc-4ba"/>
      </symbol>
      <symbol id="sm-bc4">
         <name>SysTickValueGet</name>
         <value>0x4ba9</value>
         <object_component_ref idref="oc-560"/>
      </symbol>
      <symbol id="sm-c27">
         <name>TimerLoadSet</name>
         <value>0x4acb</value>
         <object_component_ref idref="oc-4cc"/>
      </symbol>
      <symbol id="sm-c28">
         <name>TimerIntRegister</name>
         <value>0x4a01</value>
         <object_component_ref idref="oc-4d2"/>
      </symbol>
      <symbol id="sm-c29">
         <name>TimerEnable</name>
         <value>0x4b5b</value>
         <object_component_ref idref="oc-4f0"/>
      </symbol>
      <symbol id="sm-c2a">
         <name>TimerPrescaleSet</name>
         <value>0x4add</value>
         <object_component_ref idref="oc-4c6"/>
      </symbol>
      <symbol id="sm-c2b">
         <name>TimerIntEnable</name>
         <value>0x4c1d</value>
         <object_component_ref idref="oc-4e4"/>
      </symbol>
      <symbol id="sm-c2c">
         <name>TimerConfigure</name>
         <value>0x3c55</value>
         <object_component_ref idref="oc-4c0"/>
      </symbol>
      <symbol id="sm-c2d">
         <name>TimerIntClear</name>
         <value>0x4c43</value>
         <object_component_ref idref="oc-4ff"/>
      </symbol>
      <symbol id="sm-c3a">
         <name>UARTClockSourceSet</name>
         <value>0x4c37</value>
         <object_component_ref idref="oc-1a1"/>
      </symbol>
      <symbol id="sm-c44">
         <name>CPUcpsie</name>
         <value>0x4b85</value>
         <object_component_ref idref="oc-5ae"/>
      </symbol>
      <symbol id="sm-c45">
         <name>__TI_static_base__</name>
         <value>0x0</value>
      </symbol>
      <symbol id="sm-c48">
         <name>SHT$$INIT_ARRAY$$Limit</name>
         <value>0x0</value>
      </symbol>
      <symbol id="sm-c49">
         <name>SHT$$INIT_ARRAY$$Base</name>
         <value>0x0</value>
      </symbol>
   </symbol_table>
   <title>Link successful</title>
</link_info>
