******************************************************************************
                  TI ARM Linker PC v5.2.6                      
******************************************************************************
>> Linked Thu Sep 22 02:17:24 2016

OUTPUT FILE NAME:   <freertos_demo.out>
ENTRY POINT SYMBOL: "_c_int00"  address: 00003fb1


MEMORY CONFIGURATION

         name            origin    length      used     unused   attr    fill
----------------------  --------  ---------  --------  --------  ----  --------
  FLASH                 00000000   00040000  0000516e  0003ae92  R  X
  SRAM                  20000000   00008000  00007c8b  00000375  RW X


SEGMENT ALLOCATION MAP

run origin  load origin   length   init length attrs members
----------  ----------- ---------- ----------- ----- -------
00000000    00000000    00005170   00005170    r-x
  00000000    00000000    0000026c   0000026c    r-- .intvecs
  0000026c    0000026c    000049de   000049de    r-x .text
  00004c4c    00004c4c    000004bc   000004bc    r-- .const
  00005108    00005108    00000068   00000068    r-- .cinit
20000000    20000000    00007c8c   00000000    rw-
  20000000    20000000    0000026c   00000000    rw- .vtable
  2000026c    2000026c    0000777f   00000000    rw- .bss
  200079ec    200079ec    00000200   00000000    rw- .stack
  20007bec    20007bec    000000a0   00000000    rw- .data


SECTION ALLOCATION MAP

 output                                  attributes/
section   page    origin      length       input sections
--------  ----  ----------  ----------   ----------------
.intvecs   0    00000000    0000026c     
                  00000000    0000026c     startup_ccs.obj (.intvecs)

.text      0    0000026c    000049de     
                  0000026c    000006a0     Protocolo.obj (.text:MACTask)
                  0000090c    00000338     Protocolo.obj (.text:Protocolo_rxRecvPacket)
                  00000c44    0000030c     uartstdio.obj (.text:UARTvprintf)
                  00000f50    000002c4     random.obj (.text:RandomSeed)
                  00001214    00000210     App.obj (.text:AppTask)
                  00001424    000001e8     CC1100.obj (.text:CC1100_RfConfig)
                  0000160c    00000174     queue.obj (.text:xQueueGenericReceive)
                  00001780    00000140     rgb.obj (.text:RGBInit)
                  000018c0    00000138     tasks.obj (.text:xTaskGenericCreate)
                  000019f8    00000134     tasks.obj (.text:xTaskIncrementTick)
                  00001b2c    00000132     driverlib.lib : gpio.obj (.text:GPIOPadConfigSet)
                  00001c5e    00000002     startup_ccs.obj (.text:FaultISR)
                  00001c60    00000124     queue.obj (.text:xQueueGenericSend)
                  00001d84    00000124     tasks.obj (.text:xTaskGenericNotifyFromISR)
                  00001ea8    0000011c     heap_2.obj (.text:pvPortMalloc)
                  00001fc4    00000110     driverlib.lib : sysctl.obj (.text:SysCtlClockGet)
                  000020d4    00000104     tasks.obj (.text:xTaskResumeAll)
                  000021d8    000000f8     tasks.obj (.text:xTaskGenericNotify)
                  000022d0    000000f4     driverlib.lib : sysctl.obj (.text:SysCtlClockSet)
                  000023c4    000000dc     uartstdio.obj (.text:UARTgets)
                  000024a0    000000d8     rgb.obj (.text:RGBEnable)
                  00002578    000000d8     Protocolo.obj (.text:Send)
                  00002650    000000d2     portasm.obj (.text)
                  00002722    00000002     startup_ccs.obj (.text:IntDefaultHandler)
                  00002724    000000cc     Protocolo.obj (.text:SaidaRede)
                  000027f0    000000cc     Protocolo.obj (.text:txSendPacket)
                  000028bc    000000c8     tivac.obj (.text:InitTimer4_TimeSlice)
                  00002984    000000c8     tasks.obj (.text:vTaskPriorityInherit)
                  00002a4c    000000c4     rgb.obj (.text:RGBColorSet)
                  00002b10    000000bc     queue.obj (.text:prvCopyDataToQueue)
                  00002bcc    000000b8     tasks.obj (.text:vTaskSwitchContext)
                  00002c84    000000ac     tasks.obj (.text:xTaskNotifyWait)
                  00002d30    000000a8     CC1100.obj (.text:CC1100_RfResetChip)
                  00002dd8    000000a8     tasks.obj (.text:prvAddCurrentTaskToDelayedList)
                  00002e80    000000a8     tasks.obj (.text:xTaskPriorityDisinherit)
                  00002f28    000000a0     Protocolo.obj (.text:EnviaBeacon)
                  00002fc8    000000a0     Protocolo.obj (.text:MACTaskInit)
                  00003068    000000a0     queue.obj (.text:xQueueGenericReset)
                  00003108    0000009c     Protocolo.obj (.text:Trigger)
                  000031a4    0000009c     rtsv7M4_T_le_v4SPD16_eabi.lib : memcpy_t2.obj (.text)
                  00003240    0000009a     tasks.obj (.text:prvInitialiseTCBVariables)
                  000032da    00000002     startup_ccs.obj (.text:NmiSR)
                  000032dc    00000094     SPI.obj (.text:SPI3_Read)
                  00003370    00000090     SPI.obj (.text:SPI3_Write)
                  00003400    00000090     tasks.obj (.text:xTaskRemoveFromEventList)
                  00003490    0000008c     Protocolo.obj (.text:CriaRede)
                  0000351c    00000088     tasks.obj (.text:vTaskStartScheduler)
                  000035a4    00000084     tasks.obj (.text:xTaskCheckForTimeOut)
                  00003628    00000082     queue.obj (.text:prvUnlockQueue)
                  000036aa    00000002     rtsv7M4_T_le_v4SPD16_eabi.lib : i_div0.obj (.text)
                  000036ac    0000007c     SPI.obj (.text:SPI3_Init)
                  00003728    0000007a     rtsv7M4_T_le_v4SPD16_eabi.lib : memset_t2.obj (.text)
                  000037a2    00000002     --HOLE-- [fill = 0]
                  000037a4    00000078     Protocolo.obj (.text:SetRxMode)
                  0000381c    00000074     uartstdio.obj (.text:UARTStdioConfig)
                  00003890    00000074     tasks.obj (.text:prvInitialiseTaskLists)
                  00003904    00000070     heap_2.obj (.text:vPortFree)
                  00003974    0000006c     tasks.obj (.text:prvAllocateTCBAndStack)
                  000039e0    0000006c     rtsv7M4_T_le_v4SPD16_eabi.lib : autoinit.obj (.text)
                  00003a4c    0000006a                                   : copy_decompress_rle.obj (.text)
                  00003ab6    00000002     --HOLE-- [fill = 0]
                  00003ab8    00000068     driverlib.lib : interrupt.obj (.text:IntEnable)
                  00003b20    00000068     tasks.obj (.text:prvCheckTasksWaitingTermination)
                  00003b88    00000066     list.obj (.text:vListInsert)
                  00003bee    00000002     --HOLE-- [fill = 0]
                  00003bf0    00000064     Protocolo.obj (.text:SetModo)
                  00003c54    00000060     driverlib.lib : timer.obj (.text:TimerConfigure)
                  00003cb4    0000005c     uartstdio.obj (.text:UARTwrite)
                  00003d10    0000005c     port.obj (.text:pxPortInitialiseStack)
                  00003d6c    00000058     tivac.obj (.text:Init_GPIOInt)
                  00003dc4    00000056     driverlib.lib : gpio.obj (.text:GPIOIntTypeSet)
                  00003e1a    00000056     queue.obj (.text:xQueueGenericCreate)
                  00003e70    00000050     CC1100.obj (.text:CC1100_txPacketSent)
                  00003ec0    00000050     Protocolo.obj (.text:ResetaRede)
                  00003f10    00000050     Protocolo.obj (.text:TimerTimeSliceIntHandler)
                  00003f60    00000050     heap_2.obj (.text:prvHeapInit)
                  00003fb0    00000050     rtsv7M4_T_le_v4SPD16_eabi.lib : boot.obj (.text)
                  00004000    0000004c     tivac.obj (.text:ConfigureUART)
                  0000404c    0000004c     Protocolo.obj (.text:LigaRadio)
                  00004098    0000004c     driverlib.lib : timer.obj (.text:_TimerIntNumberGet)
                  000040e4    0000004c     rtsv7M4_T_le_v4SPD16_eabi.lib : cpy_tbl.obj (.text)
                  00004130    0000004a     CC1100.obj (.text:CC1100_GDOInit)
                  0000417a    00000002     --HOLE-- [fill = 0]
                  0000417c    00000048     driverlib.lib : gpio.obj (.text:GPIOPinConfigure)
                  000041c4    00000048     Protocolo.obj (.text:IntGPIOb)
                  0000420c    00000048     SPI.obj (.text:SPI3_Strobe)
                  00004254    00000048     list.obj (.text:uxListRemove)
                  0000429c    00000044     App.obj (.text:AppTaskInit)
                  000042e0    00000044     CC1100.obj (.text:CC1100_rxInit)
                  00004324    00000044     rtsv7M4_T_le_v4SPD16_eabi.lib : exit.obj (.text)
                  00004368    00000044     port.obj (.text:xPortStartScheduler)
                  000043ac    00000040     driverlib.lib : gpio.obj (.text:_GPIOIntNumberGet)
                  000043ec    00000040     rtsv7M4_T_le_v4SPD16_eabi.lib : u_divt2.obj (.text)
                  0000442c    0000003c     driverlib.lib : ssi.obj (.text:SSIConfigSetExpClk)
                  00004468    0000003c     queue.obj (.text:prvAllocateQueueMemory)
                  000044a4    0000003c     queue.obj (.text:prvCopyDataFromQueue)
                  000044e0    0000003c     tasks.obj (.text:prvResetNextTaskUnblockTime)
                  0000451c    0000003c     Protocolo.obj (.text:txFifoHalfFull)
                  00004558    0000003c     list.obj (.text:vListInsertEnd)
                  00004594    0000003c     tasks.obj (.text:vTaskDelay)
                  000045d0    00000038     Protocolo.obj (.text:rxFifoHalfFull)
                  00004608    00000038     Protocolo.obj (.text:rxPacketRecvd)
                  00004640    00000038     Protocolo.obj (.text:txPacketSent)
                  00004678    00000036     tivac.obj (.text:WaitUs)
                  000046ae    00000002     --HOLE-- [fill = 0]
                  000046b0    00000034     CC1100.obj (.text:CC1100_txInit)
                  000046e4    00000034     driverlib.lib : interrupt.obj (.text:IntRegister)
                  00004718    00000034                   : sysctl.obj (.text:SysCtlPeripheralEnable)
                  0000474c    00000030     random.obj (.text:RandomAddEntropy)
                  0000477c    00000030     list.obj (.text:vListInitialise)
                  000047ac    0000002c     port.obj (.text:xPortSysTickHandler)
                  000047d8    0000002a     driverlib.lib : gpio.obj (.text:GPIODirModeSet)
                  00004802    00000002     --HOLE-- [fill = 0]
                  00004804    00000028     freertos_demo.obj (.text:main)
                  0000482c    00000026     queue.obj (.text:prvIsQueueFull)
                  00004852    00000002     --HOLE-- [fill = 0]
                  00004854    00000024     driverlib.lib : interrupt.obj (.text:IntPrioritySet)
                  00004878    00000024     uartstdio.obj (.text:UARTprintf)
                  0000489c    00000024     port.obj (.text:vPortEnterCritical)
                  000048c0    00000024     tasks.obj (.text:vTaskSetTimeOutState)
                  000048e4    00000022     CC1100.obj (.text:CC1100_RfWriteReg)
                  00004906    00000020     queue.obj (.text:prvIsQueueEmpty)
                  00004926    00000002     --HOLE-- [fill = 0]
                  00004928    00000020     tasks.obj (.text:vTaskPlaceOnEventList)
                  00004948    0000001c     rgb.obj (.text:RGBIntensitySet)
                  00004964    0000001c     uartstdio.obj (.text:UARTgetc)
                  00004980    0000001c     tasks.obj (.text:pvTaskIncrementMutexHeldCount)
                  0000499c    0000001c     port.obj (.text:vPortExitCritical)
                  000049b8    00000018     CC1100.obj (.text:CC1100_RfReadFifo)
                  000049d0    00000018     CC1100.obj (.text:CC1100_RfWriteFifo)
                  000049e8    00000018     driverlib.lib : gpio.obj (.text:GPIOIntRegister)
                  00004a00    00000018                   : timer.obj (.text:TimerIntRegister)
                  00004a18    00000018     rtsv7M4_T_le_v4SPD16_eabi.lib : args_main.obj (.text)
                  00004a30    00000018     port.obj (.text:vPortSetupTimerInterrupt)
                  00004a48    00000014     tasks.obj (.text:prvDeleteTCB)
                  00004a5c    00000014     rtsv7M4_T_le_v4SPD16_eabi.lib : _lock.obj (.text)
                  00004a70    00000012     CC1100.obj (.text:CC1100_RfStrobe)
                  00004a82    00000012     driverlib.lib : gpio.obj (.text:GPIOPinTypeGPIOInput)
                  00004a94    00000012                   : gpio.obj (.text:GPIOPinTypeSSI)
                  00004aa6    00000012                   : gpio.obj (.text:GPIOPinTypeUART)
                  00004ab8    00000012                   : ssi.obj (.text:SSIDataGetNonBlocking)
                  00004aca    00000012                   : timer.obj (.text:TimerLoadSet)
                  00004adc    00000012                   : timer.obj (.text:TimerPrescaleSet)
                  00004aee    00000010                   : interrupt.obj (.text:IntMasterEnable)
                  00004afe    00000010     port.obj (.text:prvTaskExitError)
                  00004b0e    00000010     list.obj (.text:vListInitialiseItem)
                  00004b1e    00000002     --HOLE-- [fill = 0]
                  00004b20    00000010     tasks.obj (.text:vTaskSuspendAll)
                  00004b30    0000000e     driverlib.lib : gpio.obj (.text:GPIOIntDisable)
                  00004b3e    0000000e                   : gpio.obj (.text:GPIOIntStatus)
                  00004b4c    0000000e                   : ssi.obj (.text:SSIDataPutNonBlocking)
                  00004b5a    0000000e                   : timer.obj (.text:TimerEnable)
                  00004b68    0000000e     rtsv7M4_T_le_v4SPD16_eabi.lib : copy_decompress_none.obj (.text:decompress:none)
                  00004b76    00000002     --HOLE-- [fill = 0]
                  00004b78    0000000c     CC1100.obj (.text:CC1100_txFifoHalfFull)
                  00004b84    0000000c     driverlib.lib : cpu.obj (.text:CPUcpsie)
                  00004b90    0000000c                   : gpio.obj (.text:GPIOIntEnable)
                  00004b9c    0000000c     tivac.obj (.text:GetSeed)
                  00004ba8    0000000c     driverlib.lib : systick.obj (.text:SysTickValueGet)
                  00004bb4    0000000c     rtsv7M4_T_le_v4SPD16_eabi.lib : copy_zero_init.obj (.text:decompress:ZI)
                  00004bc0    0000000c     CC1100.obj (.text:resetdataPending)
                  00004bcc    0000000c     CC1100.obj (.text:resetpacketComplete)
                  00004bd8    0000000c     tasks.obj (.text:vTaskMissedYield)
                  00004be4    0000000a     driverlib.lib : ssi.obj (.text:SSIDataPut)
                  00004bee    0000000a                   : ssi.obj (.text:SSIEnable)
                  00004bf8    0000000a     tasks.obj (.text:prvIdleTask)
                  00004c02    0000000a     freertos_demo.obj (.text:vApplicationStackOverflowHook)
                  00004c0c    00000008     CC1100.obj (.text:CC1100_RfPowerOn)
                  00004c14    00000008     driverlib.lib : ssi.obj (.text:SSIBusy)
                  00004c1c    00000008                   : timer.obj (.text:TimerIntEnable)
                  00004c24    00000006                   : gpio.obj (.text:GPIOIntClear)
                  00004c2a    00000006     startup_ccs.obj (.text:ResetISR)
                  00004c30    00000006     driverlib.lib : sysctl.obj (.text:SysCtlDelay)
                  00004c36    00000006                   : uart.obj (.text:UARTClockSourceSet)
                  00004c3c    00000006     rtsv7M4_T_le_v4SPD16_eabi.lib : copy_decompress_rle.obj (.text:decompress:rle24)
                  00004c42    00000004     driverlib.lib : timer.obj (.text:TimerIntClear)
                  00004c46    00000004     rtsv7M4_T_le_v4SPD16_eabi.lib : pre_init.obj (.text)

.const     0    00004c4c    000004bc     
                  00004c4c    000000c0     driverlib.lib : gpio.obj (.const:g_ppui32GPIOIntMapBlizzard)
                  00004d0c    000000c0                   : gpio.obj (.const:g_ppui32GPIOIntMapSnowflake)
                  00004dcc    0000009c                   : interrupt.obj (.const:g_pui32Regs)
                  00004e68    00000090                   : gpio.obj (.const:g_pui32GPIOBaseAddrs)
                  00004ef8    00000070                   : interrupt.obj (.const)
                  00004f68    0000006c                   : sysctl.obj (.const:g_pui32Xtals)
                  00004fd4    00000060                   : timer.obj (.const:g_ppui32TimerIntMap)
                  00005034    00000040                   : timer.obj (.const:g_ppui32TimerIntMapSnowflake)
                  00005074    0000003d     Protocolo.obj (.const:myRfConfig)
                  000050b1    00000001     --HOLE-- [fill = 0]
                  000050b2    00000002     heap_2.obj (.const)
                  000050b4    00000020     Protocolo.obj (.const)
                  000050d4    0000001c     uartstdio.obj (.const)
                  000050f0    00000012     uartstdio.obj (.const:.string)
                  00005102    00000002     --HOLE-- [fill = 0]
                  00005104    00000004     port.obj (.const)

.cinit     0    00005108    00000068     
                  00005108    00000034     (.cinit..data.load) [load image, compression = rle]
                  0000513c    0000000c     (__TI_handler_table)
                  00005148    00000008     (.cinit..bss.load) [load image, compression = zero_init]
                  00005150    00000008     (.cinit..vtable.load) [load image, compression = zero_init]
                  00005158    00000018     (__TI_cinit_table)

.init_array 
*          0    00000000    00000000     UNINITIALIZED

.vtable    0    20000000    0000026c     UNINITIALIZED
                  20000000    0000026c     driverlib.lib : interrupt.obj (.vtable)

.bss       0    2000026c    0000777f     UNINITIALIZED
                  2000026c    00007530     heap_2.obj (.bss:ucHeap)
                  2000779c    00000140     tasks.obj (.bss:pxReadyTasksLists)
                  200078dc    00000040     random.obj (.bss:g_pui32RandomEntropy)
                  2000791c    00000028     Protocolo.obj (.bss:xMsg)
                  20007944    00000014     (.common:xDelayedTaskList1)
                  20007958    00000014     (.common:xDelayedTaskList2)
                  2000796c    00000014     (.common:xPendingReadyList)
                  20007980    00000014     (.common:xSuspendedTaskList)
                  20007994    00000014     (.common:xTasksWaitingTermination)
                  200079a8    0000000c     (.common:g_ui32Colors)
                  200079b4    00000008     (.common:xEnd)
                  200079bc    00000008     (.common:xStart)
                  200079c4    00000004     (.common:ContMsg)
                  200079c8    00000004     (.common:Enderecos)
                  200079cc    00000004     (.common:GDO0_int)
                  200079d0    00000004     (.common:GDO2_int)
                  200079d4    00000004     (.common:RxQueue)
                  200079d8    00000004     (.common:TxQueue)
                  200079dc    00000004     (.common:pxDelayedTaskList)
                  200079e0    00000004     (.common:pxOverflowDelayedTaskList)
                  200079e4    00000004     (.common:xAppQueue)
                  200079e8    00000001     (.common:dataPending)
                  200079e9    00000001     (.common:dataPending)
                  200079ea    00000001     (.common:packetComplete)

.TI.noinit 
*          0    2000026c    00000000     UNINITIALIZED

.stack     0    200079ec    00000200     UNINITIALIZED
                  200079ec    00000200     --HOLE--

.data      0    20007bec    000000a0     UNINITIALIZED
                  20007bec    00000034     tasks.obj (.data)
                  20007c20    00000031     Protocolo.obj (.data)
                  20007c51    00000003     --HOLE--
                  20007c54    00000008     heap_2.obj (.data)
                  20007c5c    00000008     rtsv7M4_T_le_v4SPD16_eabi.lib : _lock.obj (.data)
                  20007c64    00000008                                   : exit.obj (.data)
                  20007c6c    00000005     uartstdio.obj (.data)
                  20007c71    00000003     --HOLE--
                  20007c74    00000004     App.obj (.data)
                  20007c78    00000004     CC1100.obj (.data)
                  20007c7c    00000004     port.obj (.data)
                  20007c80    00000004     random.obj (.data)
                  20007c84    00000004     rgb.obj (.data)
                  20007c88    00000004     rtsv7M4_T_le_v4SPD16_eabi.lib : stkdepth_vars.obj (.data)

.TI.persistent 
*          0    20007bec    00000000     UNINITIALIZED


LINKER GENERATED COPY TABLES

__TI_cinit_table @ 00005158 records: 3, size/record: 8, table size: 24
	.data: load addr=00005108, load size=00000034 bytes, run addr=20007bec, run size=000000a0 bytes, compression=rle
	.bss: load addr=00005148, load size=00000008 bytes, run addr=2000026c, run size=0000777f bytes, compression=zero_init
	.vtable: load addr=00005150, load size=00000008 bytes, run addr=20000000, run size=0000026c bytes, compression=zero_init


LINKER GENERATED HANDLER TABLE

__TI_handler_table @ 0000513c records: 3, size/record: 4, table size: 12
	index: 0, handler: __TI_zero_init
	index: 1, handler: __TI_decompress_rle24
	index: 2, handler: __TI_decompress_none


GLOBAL SYMBOLS: SORTED ALPHABETICALLY BY Name 

address   name                         
-------   ----                         
20007c74  AppTaskHandle                
0000429d  AppTaskInit                  
00004325  C$$EXIT                      
00004131  CC1100_GDOInit               
00001425  CC1100_RfConfig              
00004c0d  CC1100_RfPowerOn             
000049b9  CC1100_RfReadFifo            
00002d31  CC1100_RfResetChip           
00004a71  CC1100_RfStrobe              
000049d1  CC1100_RfWriteFifo           
000048e5  CC1100_RfWriteReg            
000042e1  CC1100_rxInit                
00004b79  CC1100_txFifoHalfFull        
000046b1  CC1100_txInit                
00003e71  CC1100_txPacketSent          
00004b85  CPUcpsie                     
00004001  ConfigureUART                
200079c4  ContMsg                      
00003491  CriaRede                     
200079c8  Enderecos                    
00002f29  EnviaBeacon                  
000047d9  GPIODirModeSet               
00004c25  GPIOIntClear                 
00004b31  GPIOIntDisable               
00004b91  GPIOIntEnable                
000049e9  GPIOIntRegister              
00004b3f  GPIOIntStatus                
00003dc5  GPIOIntTypeSet               
00001b2d  GPIOPadConfigSet             
0000417d  GPIOPinConfigure             
00004a83  GPIOPinTypeGPIOInput         
00004a95  GPIOPinTypeSSI               
00004aa7  GPIOPinTypeUART              
00004b9d  GetSeed                      
000028bd  InitTimer4_TimeSlice         
00003d6d  Init_GPIOInt                 
00003ab9  IntEnable                    
000041c5  IntGPIOb                     
00004aef  IntMasterEnable              
00004855  IntPrioritySet               
000046e5  IntRegister                  
0000404d  LigaRadio                    
20007c20  MACTaskHandle                
00002fc9  MACTaskInit                  
000050b4  PA_TABLE                     
0000090d  Protocolo_rxRecvPacket       
00002a4d  RGBColorSet                  
000024a1  RGBEnable                    
00001781  RGBInit                      
00004949  RGBIntensitySet              
0000474d  RandomAddEntropy             
00000f51  RandomSeed                   
00004c2b  ResetISR                     
00003ec1  ResetaRede                   
200079d4  RxQueue                      
UNDEFED   SHT$$INIT_ARRAY$$Base        
UNDEFED   SHT$$INIT_ARRAY$$Limit       
000036ad  SPI3_Init                    
000032dd  SPI3_Read                    
0000420d  SPI3_Strobe                  
00003371  SPI3_Write                   
00004c15  SSIBusy                      
0000442d  SSIConfigSetExpClk           
00004ab9  SSIDataGetNonBlocking        
00004be5  SSIDataPut                   
00004b4d  SSIDataPutNonBlocking        
00004bef  SSIEnable                    
00002725  SaidaRede                    
00002579  Send                         
00003bf1  SetModo                      
000037a5  SetRxMode                    
00001fc5  SysCtlClockGet               
000022d1  SysCtlClockSet               
00004c31  SysCtlDelay                  
00004719  SysCtlPeripheralEnable       
00004ba9  SysTickValueGet              
20007c24  TRede_BEACON                 
20007c28  TRede_TRIGGER                
00003c55  TimerConfigure               
00004b5b  TimerEnable                  
00004c43  TimerIntClear                
00004c1d  TimerIntEnable               
00004a01  TimerIntRegister             
00004acb  TimerLoadSet                 
00004add  TimerPrescaleSet             
00003f11  TimerTimeSliceIntHandler     
00003109  Trigger                      
200079d8  TxQueue                      
00004c37  UARTClockSourceSet           
0000381d  UARTStdioConfig              
00004965  UARTgetc                     
000023c5  UARTgets                     
00004879  UARTprintf                   
00000c45  UARTvprintf                  
00003cb5  UARTwrite                    
20007c2c  Value_TimerReset             
00004679  WaitUs                       
20007bec  __STACK_END                  
00000200  __STACK_SIZE                 
20007bec  __STACK_TOP                  
00005158  __TI_CINIT_Base              
00005170  __TI_CINIT_Limit             
0000513c  __TI_Handler_Table_Base      
00005148  __TI_Handler_Table_Limit     
000039e1  __TI_auto_init               
20007c64  __TI_cleanup_ptr             
00004b69  __TI_decompress_none         
00004c3d  __TI_decompress_rle24        
20007c68  __TI_dtors_ptr               
00000000  __TI_static_base__           
00004bb5  __TI_zero_init               
000036ab  __aeabi_idiv0                
00003729  __aeabi_memclr               
00003729  __aeabi_memclr4              
00003729  __aeabi_memclr8              
000031a5  __aeabi_memcpy               
000031a5  __aeabi_memcpy4              
000031a5  __aeabi_memcpy8              
0000372b  __aeabi_memset               
0000372b  __aeabi_memset4              
0000372b  __aeabi_memset8              
000043ed  __aeabi_uidiv                
000043ed  __aeabi_uidivmod             
ffffffff  __binit__                    
ffffffff  __c_args__                   
200079ec  __stack                      
00004a19  _args_main                   
00003fb1  _c_int00                     
20007c5c  _lock                        
00004a6b  _nop                         
00004a63  _register_lock               
00004a5d  _register_unlock             
00004c47  _system_pre_init             
20007c60  _unlock                      
00004329  abort                        
ffffffff  binit                        
000040e5  copy_in                      
20007c40  estado                       
00004331  exit                         
20000000  g_pfnRAMVectors              
00000000  g_pfnVectors                 
00004805  main                         
20007c88  main_func_sp                 
000031a5  memcpy                       
00003731  memset                       
00005074  myRfConfig                   
20007c7a  nBytesInFifo                 
20007c79  nPacketsPending              
00001ea9  pvPortMalloc                 
00004981  pvTaskIncrementMutexHeldCount
20007bec  pxCurrentTCB                 
00003d11  pxPortInitialiseStack        
00004bc1  resetdataPending             
00004bcd  resetpacketComplete          
000045d1  rxFifoHalfFull               
00004609  rxPacketRecvd                
20007c50  sending                      
0000451d  txFifoHalfFull               
00004641  txPacketSent                 
000027f1  txSendPacket                 
20007c78  txStrobeNeeded               
00005104  ulMaxSyscallInterruptPriority
00002661  ulPortGetIPSR                
00004255  uxListRemove                 
00004c03  vApplicationStackOverflowHook
0000477d  vListInitialise              
00004b0f  vListInitialiseItem          
00003b89  vListInsert                  
00004559  vListInsertEnd               
00002715  vPortEnableVFP               
0000489d  vPortEnterCritical           
0000499d  vPortExitCritical            
00003905  vPortFree                    
000026d9  vPortSVCHandler              
00004a31  vPortSetupTimerInterrupt     
000026f9  vPortStartFirstTask          
00004595  vTaskDelay                   
00004bd9  vTaskMissedYield             
00004929  vTaskPlaceOnEventList        
00002985  vTaskPriorityInherit         
000048c1  vTaskSetTimeOutState         
0000351d  vTaskStartScheduler          
00004b21  vTaskSuspendAll              
00002bcd  vTaskSwitchContext           
200079e4  xAppQueue                    
2000791c  xMsg                         
00002679  xPortPendSVHandler           
00004369  xPortStartScheduler          
000047ad  xPortSysTickHandler          
00003e1b  xQueueGenericCreate          
0000160d  xQueueGenericReceive         
00003069  xQueueGenericReset           
00001c61  xQueueGenericSend            
000035a5  xTaskCheckForTimeOut         
000018c1  xTaskGenericCreate           
000021d9  xTaskGenericNotify           
00001d85  xTaskGenericNotifyFromISR    
000019f9  xTaskIncrementTick           
00002c85  xTaskNotifyWait              
00002e81  xTaskPriorityDisinherit      
00003401  xTaskRemoveFromEventList     
000020d5  xTaskResumeAll               


GLOBAL SYMBOLS: SORTED BY Symbol Address 

address   name                         
-------   ----                         
00000000  __TI_static_base__           
00000000  g_pfnVectors                 
00000200  __STACK_SIZE                 
0000090d  Protocolo_rxRecvPacket       
00000c45  UARTvprintf                  
00000f51  RandomSeed                   
00001425  CC1100_RfConfig              
0000160d  xQueueGenericReceive         
00001781  RGBInit                      
000018c1  xTaskGenericCreate           
000019f9  xTaskIncrementTick           
00001b2d  GPIOPadConfigSet             
00001c61  xQueueGenericSend            
00001d85  xTaskGenericNotifyFromISR    
00001ea9  pvPortMalloc                 
00001fc5  SysCtlClockGet               
000020d5  xTaskResumeAll               
000021d9  xTaskGenericNotify           
000022d1  SysCtlClockSet               
000023c5  UARTgets                     
000024a1  RGBEnable                    
00002579  Send                         
00002661  ulPortGetIPSR                
00002679  xPortPendSVHandler           
000026d9  vPortSVCHandler              
000026f9  vPortStartFirstTask          
00002715  vPortEnableVFP               
00002725  SaidaRede                    
000027f1  txSendPacket                 
000028bd  InitTimer4_TimeSlice         
00002985  vTaskPriorityInherit         
00002a4d  RGBColorSet                  
00002bcd  vTaskSwitchContext           
00002c85  xTaskNotifyWait              
00002d31  CC1100_RfResetChip           
00002e81  xTaskPriorityDisinherit      
00002f29  EnviaBeacon                  
00002fc9  MACTaskInit                  
00003069  xQueueGenericReset           
00003109  Trigger                      
000031a5  __aeabi_memcpy               
000031a5  __aeabi_memcpy4              
000031a5  __aeabi_memcpy8              
000031a5  memcpy                       
000032dd  SPI3_Read                    
00003371  SPI3_Write                   
00003401  xTaskRemoveFromEventList     
00003491  CriaRede                     
0000351d  vTaskStartScheduler          
000035a5  xTaskCheckForTimeOut         
000036ab  __aeabi_idiv0                
000036ad  SPI3_Init                    
00003729  __aeabi_memclr               
00003729  __aeabi_memclr4              
00003729  __aeabi_memclr8              
0000372b  __aeabi_memset               
0000372b  __aeabi_memset4              
0000372b  __aeabi_memset8              
00003731  memset                       
000037a5  SetRxMode                    
0000381d  UARTStdioConfig              
00003905  vPortFree                    
000039e1  __TI_auto_init               
00003ab9  IntEnable                    
00003b89  vListInsert                  
00003bf1  SetModo                      
00003c55  TimerConfigure               
00003cb5  UARTwrite                    
00003d11  pxPortInitialiseStack        
00003d6d  Init_GPIOInt                 
00003dc5  GPIOIntTypeSet               
00003e1b  xQueueGenericCreate          
00003e71  CC1100_txPacketSent          
00003ec1  ResetaRede                   
00003f11  TimerTimeSliceIntHandler     
00003fb1  _c_int00                     
00004001  ConfigureUART                
0000404d  LigaRadio                    
000040e5  copy_in                      
00004131  CC1100_GDOInit               
0000417d  GPIOPinConfigure             
000041c5  IntGPIOb                     
0000420d  SPI3_Strobe                  
00004255  uxListRemove                 
0000429d  AppTaskInit                  
000042e1  CC1100_rxInit                
00004325  C$$EXIT                      
00004329  abort                        
00004331  exit                         
00004369  xPortStartScheduler          
000043ed  __aeabi_uidiv                
000043ed  __aeabi_uidivmod             
0000442d  SSIConfigSetExpClk           
0000451d  txFifoHalfFull               
00004559  vListInsertEnd               
00004595  vTaskDelay                   
000045d1  rxFifoHalfFull               
00004609  rxPacketRecvd                
00004641  txPacketSent                 
00004679  WaitUs                       
000046b1  CC1100_txInit                
000046e5  IntRegister                  
00004719  SysCtlPeripheralEnable       
0000474d  RandomAddEntropy             
0000477d  vListInitialise              
000047ad  xPortSysTickHandler          
000047d9  GPIODirModeSet               
00004805  main                         
00004855  IntPrioritySet               
00004879  UARTprintf                   
0000489d  vPortEnterCritical           
000048c1  vTaskSetTimeOutState         
000048e5  CC1100_RfWriteReg            
00004929  vTaskPlaceOnEventList        
00004949  RGBIntensitySet              
00004965  UARTgetc                     
00004981  pvTaskIncrementMutexHeldCount
0000499d  vPortExitCritical            
000049b9  CC1100_RfReadFifo            
000049d1  CC1100_RfWriteFifo           
000049e9  GPIOIntRegister              
00004a01  TimerIntRegister             
00004a19  _args_main                   
00004a31  vPortSetupTimerInterrupt     
00004a5d  _register_unlock             
00004a63  _register_lock               
00004a6b  _nop                         
00004a71  CC1100_RfStrobe              
00004a83  GPIOPinTypeGPIOInput         
00004a95  GPIOPinTypeSSI               
00004aa7  GPIOPinTypeUART              
00004ab9  SSIDataGetNonBlocking        
00004acb  TimerLoadSet                 
00004add  TimerPrescaleSet             
00004aef  IntMasterEnable              
00004b0f  vListInitialiseItem          
00004b21  vTaskSuspendAll              
00004b31  GPIOIntDisable               
00004b3f  GPIOIntStatus                
00004b4d  SSIDataPutNonBlocking        
00004b5b  TimerEnable                  
00004b69  __TI_decompress_none         
00004b79  CC1100_txFifoHalfFull        
00004b85  CPUcpsie                     
00004b91  GPIOIntEnable                
00004b9d  GetSeed                      
00004ba9  SysTickValueGet              
00004bb5  __TI_zero_init               
00004bc1  resetdataPending             
00004bcd  resetpacketComplete          
00004bd9  vTaskMissedYield             
00004be5  SSIDataPut                   
00004bef  SSIEnable                    
00004c03  vApplicationStackOverflowHook
00004c0d  CC1100_RfPowerOn             
00004c15  SSIBusy                      
00004c1d  TimerIntEnable               
00004c25  GPIOIntClear                 
00004c2b  ResetISR                     
00004c31  SysCtlDelay                  
00004c37  UARTClockSourceSet           
00004c3d  __TI_decompress_rle24        
00004c43  TimerIntClear                
00004c47  _system_pre_init             
00005074  myRfConfig                   
000050b4  PA_TABLE                     
00005104  ulMaxSyscallInterruptPriority
0000513c  __TI_Handler_Table_Base      
00005148  __TI_Handler_Table_Limit     
00005158  __TI_CINIT_Base              
00005170  __TI_CINIT_Limit             
20000000  g_pfnRAMVectors              
2000791c  xMsg                         
200079c4  ContMsg                      
200079c8  Enderecos                    
200079d4  RxQueue                      
200079d8  TxQueue                      
200079e4  xAppQueue                    
200079ec  __stack                      
20007bec  __STACK_END                  
20007bec  __STACK_TOP                  
20007bec  pxCurrentTCB                 
20007c20  MACTaskHandle                
20007c24  TRede_BEACON                 
20007c28  TRede_TRIGGER                
20007c2c  Value_TimerReset             
20007c40  estado                       
20007c50  sending                      
20007c5c  _lock                        
20007c60  _unlock                      
20007c64  __TI_cleanup_ptr             
20007c68  __TI_dtors_ptr               
20007c74  AppTaskHandle                
20007c78  txStrobeNeeded               
20007c79  nPacketsPending              
20007c7a  nBytesInFifo                 
20007c88  main_func_sp                 
ffffffff  __binit__                    
ffffffff  __c_args__                   
ffffffff  binit                        
UNDEFED   SHT$$INIT_ARRAY$$Base        
UNDEFED   SHT$$INIT_ARRAY$$Limit       

[202 symbols]
